Archive member included because of file (symbol)

e:/quartus/nios2eds/bin/gnu/h-i686-mingw32/bin/../lib/gcc/nios2-elf/4.1.2\libgcc.a(lib2-divmod.o)
                              obj/default/read_lyrics.o (__divsi3)
e:/quartus/nios2eds/bin/gnu/h-i686-mingw32/bin/../lib/gcc/nios2-elf/4.1.2/../../../../nios2-elf/lib\libc.a(lib_a-memcpy.o)
                              obj/default/SD_wav_player.o (memcpy)
e:/quartus/nios2eds/bin/gnu/h-i686-mingw32/bin/../lib/gcc/nios2-elf/4.1.2/../../../../nios2-elf/lib\libc.a(lib_a-memset.o)
                              obj/default/SD_wav_player.o (memset)
e:/quartus/nios2eds/bin/gnu/h-i686-mingw32/bin/../lib/gcc/nios2-elf/4.1.2/../../../../nios2-elf/lib\libc.a(lib_a-strcmp.o)
                              obj/default/file_list.o (strcmp)
e:/quartus/nios2eds/bin/gnu/h-i686-mingw32/bin/../lib/gcc/nios2-elf/4.1.2/../../../../nios2-elf/lib\libc.a(lib_a-strlen.o)
                              obj/default/LCD.o (strlen)
e:/quartus/nios2eds/bin/gnu/h-i686-mingw32/bin/../lib/gcc/nios2-elf/4.1.2/../../../../nios2-elf/lib\libc.a(lib_a-strlwr.o)
                              obj/default/read_lyrics.o (strlwr)
e:/quartus/nios2eds/bin/gnu/h-i686-mingw32/bin/../lib/gcc/nios2-elf/4.1.2/../../../../nios2-elf/lib\libc.a(lib_a-ctype_.o)
                              e:/quartus/nios2eds/bin/gnu/h-i686-mingw32/bin/../lib/gcc/nios2-elf/4.1.2/../../../../nios2-elf/lib\libc.a(lib_a-strlwr.o) (__ctype_ptr)
../finalproject_bsp/\libhal_bsp.a(alt_load.o)
                              ../finalproject_bsp//obj/HAL/src/crt0.o (alt_load)
../finalproject_bsp/\libhal_bsp.a(alt_main.o)
                              ../finalproject_bsp//obj/HAL/src/crt0.o (alt_main)
../finalproject_bsp/\libhal_bsp.a(alt_usleep.o)
                              obj/default/LCD.o (usleep)
../finalproject_bsp/\libhal_bsp.a(alt_sys_init.o)
                              ../finalproject_bsp/\libhal_bsp.a(alt_main.o) (alt_irq_init)
../finalproject_bsp/\libhal_bsp.a(altera_avalon_cfi_flash.o)
                              ../finalproject_bsp/\libhal_bsp.a(alt_sys_init.o) (alt_flash_cfi_init)
../finalproject_bsp/\libhal_bsp.a(altera_avalon_cfi_flash_table.o)
                              ../finalproject_bsp/\libhal_bsp.a(altera_avalon_cfi_flash.o) (alt_set_flash_width_func)
../finalproject_bsp/\libhal_bsp.a(altera_avalon_jtag_uart_fd.o)
                              ../finalproject_bsp/\libhal_bsp.a(alt_sys_init.o) (altera_avalon_jtag_uart_read_fd)
../finalproject_bsp/\libhal_bsp.a(altera_avalon_jtag_uart_init.o)
                              ../finalproject_bsp/\libhal_bsp.a(alt_sys_init.o) (altera_avalon_jtag_uart_init)
../finalproject_bsp/\libhal_bsp.a(altera_avalon_jtag_uart_ioctl.o)
                              ../finalproject_bsp/\libhal_bsp.a(altera_avalon_jtag_uart_fd.o) (altera_avalon_jtag_uart_ioctl)
../finalproject_bsp/\libhal_bsp.a(altera_avalon_jtag_uart_read.o)
                              ../finalproject_bsp/\libhal_bsp.a(altera_avalon_jtag_uart_fd.o) (altera_avalon_jtag_uart_read)
../finalproject_bsp/\libhal_bsp.a(altera_avalon_jtag_uart_write.o)
                              ../finalproject_bsp/\libhal_bsp.a(altera_avalon_jtag_uart_fd.o) (altera_avalon_jtag_uart_write)
../finalproject_bsp/\libhal_bsp.a(altera_avalon_lcd_16207.o)
                              ../finalproject_bsp/\libhal_bsp.a(alt_sys_init.o) (altera_avalon_lcd_16207_init)
../finalproject_bsp/\libhal_bsp.a(altera_avalon_lcd_16207_fd.o)
                              ../finalproject_bsp/\libhal_bsp.a(alt_sys_init.o) (altera_avalon_lcd_16207_write_fd)
../finalproject_bsp/\libhal_bsp.a(altera_avalon_timer_sc.o)
                              ../finalproject_bsp/\libhal_bsp.a(alt_sys_init.o) (alt_avalon_timer_sc_init)
../finalproject_bsp/\libhal_bsp.a(altera_avalon_uart_fd.o)
                              ../finalproject_bsp/\libhal_bsp.a(alt_sys_init.o) (altera_avalon_uart_read_fd)
../finalproject_bsp/\libhal_bsp.a(altera_avalon_uart_init.o)
                              ../finalproject_bsp/\libhal_bsp.a(alt_sys_init.o) (altera_avalon_uart_init)
../finalproject_bsp/\libhal_bsp.a(altera_avalon_uart_read.o)
                              ../finalproject_bsp/\libhal_bsp.a(altera_avalon_uart_fd.o) (altera_avalon_uart_read)
../finalproject_bsp/\libhal_bsp.a(altera_avalon_uart_write.o)
                              ../finalproject_bsp/\libhal_bsp.a(altera_avalon_uart_fd.o) (altera_avalon_uart_write)
../finalproject_bsp/\libhal_bsp.a(alt_alarm_start.o)
                              ../finalproject_bsp/\libhal_bsp.a(altera_avalon_jtag_uart_init.o) (alt_alarm_start)
../finalproject_bsp/\libhal_bsp.a(alt_busy_sleep.o)
                              ../finalproject_bsp/\libhal_bsp.a(alt_usleep.o) (alt_busy_sleep)
../finalproject_bsp/\libhal_bsp.a(alt_close.o)
                              ../finalproject_bsp/\libhal_bsp.a(alt_main.o) (close)
../finalproject_bsp/\libhal_bsp.a(alt_dcache_flush.o)
[...]
Memory Configuration

Name             Origin             Length             Attributes
cfi_flash        0x02800000         0x00800000
reset            0x03040000         0x00000020
onchip_memory2   0x03040020         0x0003ffe0
*default*        0x00000000         0xffffffff

Linker script and memory map

LOAD ../finalproject_bsp//obj/HAL/src/crt0.o
LOAD obj/default/LCD.o
LOAD obj/default/SD_wav_player.o
LOAD obj/default/file_list.o
LOAD obj/default/find_cluster.o
LOAD obj/default/read_lyrics.o
LOAD obj/default/sd_card.o
LOAD obj/default/show_name.o
LOAD obj/default/time.o
LOAD e:/quartus/nios2eds/bin/gnu/h-i686-mingw32/bin/../lib/gcc/nios2-elf/4.1.2/../../../../nios2-elf/lib\libstdc++.a
LOAD e:/quartus/nios2eds/bin/gnu/h-i686-mingw32/bin/../lib/gcc/nios2-elf/4.1.2/../../../../nios2-elf/lib\libm.a
LOAD e:/quartus/nios2eds/bin/gnu/h-i686-mingw32/bin/../lib/gcc/nios2-elf/4.1.2\libgcc.a
START GROUP
LOAD e:/quartus/nios2eds/bin/gnu/h-i686-mingw32/bin/../lib/gcc/nios2-elf/4.1.2/../../../../nios2-elf/lib\libc.a
LOAD e:/quartus/nios2eds/bin/gnu/h-i686-mingw32/bin/../lib/gcc/nios2-elf/4.1.2\libgcc.a
LOAD ../finalproject_bsp/\libhal_bsp.a
END GROUP
LOAD e:/quartus/nios2eds/bin/gnu/h-i686-mingw32/bin/../lib/gcc/nios2-elf/4.1.2\libgcc.a
                0x02800000                __alt_mem_cfi_flash = 0x2800000
                0x03040000                __alt_mem_onchip_memory2 = 0x3040000

.entry          0x03040000       0x20
 *(.entry)
 .entry         0x03040000       0x20 ../finalproject_bsp//obj/HAL/src/crt0.o
                0x03040000                __reset

.exceptions     0x03040020      0x194
                0x03040020                PROVIDE (__ram_exceptions_start, ABSOLUTE (.))
                0x03040020                . = ALIGN (0x20)
 *(.irq)
 *(.exceptions.entry.label)
 .exceptions.entry.label
                0x03040020        0x0 ../finalproject_bsp/\libhal_bsp.a(alt_irq_entry.o)
                0x03040020                alt_irq_entry
 .exceptions.entry.label
                0x03040020        0x0 ../finalproject_bsp/\libhal_bsp.a(alt_exception_entry.o)
                0x03040020                alt_exception
 *(.exceptions.entry.user)
 *(.exceptions.entry)
 .exceptions.entry
                0x03040020       0x54 ../finalproject_bsp/\libhal_bsp.a(alt_exception_entry.o)
 *(.exceptions.irqtest.user)
 *(.exceptions.irqtest)
 .exceptions.irqtest
                0x03040074       0x10 ../finalproject_bsp/\libhal_bsp.a(alt_irq_entry.o)
 *(.exceptions.irqhandler.user)
 *(.exceptions.irqhandler)
 .exceptions.irqhandler
                0x03040084        0x4 ../finalproject_bsp/\libhal_bsp.a(alt_irq_entry.o)
 *(.exceptions.irqreturn.user)
 *(.exceptions.irqreturn)
 .exceptions.irqreturn
                0x03040088        0x4 ../finalproject_bsp/\libhal_bsp.a(alt_irq_entry.o)
 *(.exceptions.notirq.label)
 .exceptions.notirq.label
                0x0304008c        0x0 ../finalproject_bsp/\libhal_bsp.a(alt_irq_entry.o)
 *(.exceptions.notirq.user)
 *(.exceptions.notirq)
 .exceptions.notirq
                0x0304008c        0x8 ../finalproject_bsp/\libhal_bsp.a(alt_exception_entry.o)
 *(.exceptions.soft.user)
 *(.exceptions.soft)
 *(.exceptions.unknown.user)
 *(.exceptions.unknown)
 .exceptions.unknown
                0x03040094        0x4 ../finalproject_bsp/\libhal_bsp.a(alt_exception_entry.o)
 *(.exceptions.exit.label)
 .exceptions.exit.label
                0x03040098        0x0 ../finalproject_bsp/\libhal_bsp.a(alt_irq_entry.o)
 .exceptions.exit.label
                0x03040098        0x0 ../finalproject_bsp/\libhal_bsp.a(alt_exception_entry.o)
 *(.exceptions.exit.user)
 *(.exceptions.exit)
 .exceptions.exit
                0x03040098       0x54 ../finalproject_bsp/\libhal_bsp.a(alt_exception_entry.o)
 *(.exceptions)
 .exceptions    0x030400ec       0xc8 ../finalproject_bsp/\libhal_bsp.a(alt_irq_handler.o)
                0x030400ec                alt_irq_handler
                0x030401b4                PROVIDE (__ram_exceptions_end, ABSOLUTE (.))
                0x03040020                PROVIDE (__flash_exceptions_start, LOADADDR (.exceptions))

.text           0x030401b4     0xaf80
                0x030401b4                PROVIDE (stext, ABSOLUTE (.))
 *(.interp)
 *(.hash)
 *(.dynsym)
 *(.dynstr)
 *(.gnu.version)
 *(.gnu.version_d)
 *(.gnu.version_r)
 *(.rel.init)
 *(.rela.init)
 *(.rel.text .rel.text.* .rel.gnu.linkonce.t.*)
 *(.rela.text .rela.text.* .rela.gnu.linkonce.t.*)
 *(.rel.fini)
 *(.rela.fini)
 *(.rel.rodata .rel.rodata.* .rel.gnu.linkonce.r.*)
 *(.rela.rodata .rela.rodata.* .rela.gnu.linkonce.r.*)
 *(.rel.data .rel.data.* .rel.gnu.linkonce.d.*)
 *(.rela.data .rela.data.* .rela.gnu.linkonce.d.*)
 *(.rel.tdata .rel.tdata.* .rel.gnu.linkonce.td.*)
 *(.rela.tdata .rela.tdata.* .rela.gnu.linkonce.td.*)
 *(.rel.tbss .rel.tbss.* .rel.gnu.linkonce.tb.*)
 *(.rela.tbss .rela.tbss.* .rela.gnu.linkonce.tb.*)
 *(.rel.ctors)
 *(.rela.ctors)
 *(.rel.dtors)
 *(.rela.dtors)
 *(.rel.got)
 *(.rela.got)
 *(.rel.sdata .rel.sdata.* .rel.gnu.linkonce.s.*)
 *(.rela.sdata .rela.sdata.* .rela.gnu.linkonce.s.*)
 *(.rel.sbss .rel.sbss.* .rel.gnu.linkonce.sb.*)
 *(.rela.sbss .rela.sbss.* .rela.gnu.linkonce.sb.*)
 *(.rel.sdata2 .rel.sdata2.* .rel.gnu.linkonce.s2.*)
 *(.rela.sdata2 .rela.sdata2.* .rela.gnu.linkonce.s2.*)
 *(.rel.sbss2 .rel.sbss2.* .rel.gnu.linkonce.sb2.*)
 *(.rela.sbss2 .rela.sbss2.* .rela.gnu.linkonce.sb2.*)
 *(.rel.bss .rel.bss.* .rel.gnu.linkonce.b.*)
 *(.rela.bss .rela.bss.* .rela.gnu.linkonce.b.*)
 *(.rel.plt)
 *(.rela.plt)
 *(.rel.dyn)
 *(.init)
 *(.plt)
 *(.text .stub .text.* .gnu.linkonce.t.*)
 .text          0x030401b4       0x4c ../finalproject_bsp//obj/HAL/src/crt0.o
                0x030401b4                _start
 .text          0x03040200      0x1f0 obj/default/LCD.o
                0x03040200                LCD_Init
                0x0304029c                LCD_Show_Text
                0x03040324                LCD_Line2
                0x03040360                LCD_begin
 .text          0x030403f0      0xba8 obj/default/SD_wav_player.o
                0x030403f0                main
 .text          0x03040f98     0x1244 obj/default/file_list.o
                0x03040f98                file_list
 .text          0x030421dc      0x218 obj/default/find_cluster.o
                0x030421dc                find_cluster
 .text          0x030423f4      0xff0 obj/default/read_lyrics.o
                0x030423f4                read_lyrics
 .text          0x030433e4     0x1154 obj/default/sd_card.o
                0x030433e4                Ncr
                0x03043444                Ncc
                0x0304349c                SD_card_init
                0x03043944                SD_read_lba
                0x03043b3c                response_R
                0x03043db8                send_cmd
                0x03043f84                SD_read_block
                0x03044178                SD_write_block
 .text          0x03044538      0x1a0 obj/default/show_name.o
                0x03044538                show_name
 .text          0x030446d8      0x14c obj/default/time.o
                0x030446d8                time
 .text          0x03044824      0x14c e:/quartus/nios2eds/bin/gnu/h-i686-mingw32/bin/../lib/gcc/nios2-elf/4.1.2\libgcc.a(lib2-divmod.o)
                0x030448a0                __divsi3
                0x03044900                __modsi3
                0x03044960                __udivsi3
                0x03044968                __umodsi3
 .text          0x03044970       0xa0 e:/quartus/nios2eds/bin/gnu/h-i686-mingw32/bin/../lib/gcc/nios2-elf/4.1.2/../../../../nios2-elf/lib\libc.a(lib_a-memcpy.o)
                0x03044970                memcpy
 .text          0x03044a10       0x98 e:/quartus/nios2eds/bin/gnu/h-i686-mingw32/bin/../lib/gcc/nios2-elf/4.1.2/../../../../nios2-elf/lib\libc.a(lib_a-memset.o)
                0x03044a10                memset
 .text          0x03044aa8       0xbc e:/quartus/nios2eds/bin/gnu/h-i686-mingw32/bin/../lib/gcc/nios2-elf/4.1.2/../../../../nios2-elf/lib\libc.a(lib_a-strcmp.o)
                0x03044aa8                strcmp
 .text          0x03044b64       0x74 e:/quartus/nios2eds/bin/gnu/h-i686-mingw32/bin/../lib/gcc/nios2-elf/4.1.2/../../../../nios2-elf/lib\libc.a(lib_a-strlen.o)
                0x03044b64                strlen
 .text          0x03044bd8       0x48 e:/quartus/nios2eds/bin/gnu/h-i686-mingw32/bin/../lib/gcc/nios2-elf/4.1.2/../../../../nios2-elf/lib\libc.a(lib_a-strlwr.o)
                0x03044bd8                strlwr
 .text          0x03044c20        0x0 e:/quartus/nios2eds/bin/gnu/h-i686-mingw32/bin/../lib/gcc/nios2-elf/4.1.2/../../../../nios2-elf/lib\libc.a(lib_a-ctype_.o)
 .text          0x03044c20       0xec ../finalproject_bsp/\libhal_bsp.a(alt_load.o)
                0x03044c20                alt_load
 .text          0x03044d0c       0x6c ../finalproject_bsp/\libhal_bsp.a(alt_main.o)
                0x03044d0c                alt_main
 .text          0x03044d78       0x30 ../finalproject_bsp/\libhal_bsp.a(alt_usleep.o)
                0x03044d78                usleep
 .text          0x03044da8      0x108 ../finalproject_bsp/\libhal_bsp.a(alt_sys_init.o)
                0x03044da8                alt_irq_init
                0x03044ddc                alt_sys_init
 .text          0x03044eb0      0x8c8 ../finalproject_bsp/\libhal_bsp.a(altera_avalon_cfi_flash.o)
                0x03044eb0                alt_flash_cfi_init
                0x03044f84                alt_flash_cfi_write
                0x03045244                alt_flash_cfi_get_info
                0x030452d4                alt_flash_cfi_read
                0x0304533c                alt_write_value_to_flash
                0x030454a0                alt_flash_program_block
 .text          0x03045778     0x14a8 ../finalproject_bsp/\libhal_bsp.a(altera_avalon_cfi_flash_table.o)
                0x03045778                alt_read_query_entry_8bit
                0x030457b8                alt_read_query_entry_16bit
                0x030457fc                alt_read_query_entry_32bit
                0x03045844                alt_write_flash_command_8bit_device_8bit_mode
                0x03045880                alt_write_flash_command_16bit_device_8bit_mode
                0x030458fc                alt_write_flash_command_32bit_device_8bit_mode
                0x03045944                alt_write_flash_command_16bit_device_16bit_mode
                0x03045988                alt_write_flash_command_32bit_device_16bit_mode
                0x030459d0                alt_write_flash_command_32bit_device_32bit_mode
                0x03045a18                alt_write_native_8bit
                0x03045a4c                alt_write_native_16bit
                0x03045a80                alt_write_native_32bit
                0x03045ab0                alt_set_flash_width_func
                0x03045c90                alt_set_flash_algorithm_func
                0x03045db8                alt_read_cfi_table
                0x03046398                alt_read_cfi_width
                0x03046b44                alt_check_primary_table
 .text          0x03046c20      0x148 ../finalproject_bsp/\libhal_bsp.a(altera_avalon_jtag_uart_fd.o)
                0x03046c20                altera_avalon_jtag_uart_read_fd
                0x03046c78                altera_avalon_jtag_uart_write_fd
                0x03046cd0                altera_avalon_jtag_uart_close_fd
                0x03046d18                altera_avalon_jtag_uart_ioctl_fd
 .text          0x03046d68      0x40c ../finalproject_bsp/\libhal_bsp.a(altera_avalon_jtag_uart_init.o)
                0x03046d68                altera_avalon_jtag_uart_init
                0x03047100                altera_avalon_jtag_uart_close
 .text          0x03047174       0xf4 ../finalproject_bsp/\libhal_bsp.a(altera_avalon_jtag_uart_ioctl.o)
                0x03047174                altera_avalon_jtag_uart_ioctl
 .text          0x03047268      0x224 ../finalproject_bsp/\libhal_bsp.a(altera_avalon_jtag_uart_read.o)
                0x03047268                altera_avalon_jtag_uart_read
 .text          0x0304748c      0x240 ../finalproject_bsp/\libhal_bsp.a(altera_avalon_jtag_uart_write.o)
                0x0304748c                altera_avalon_jtag_uart_write
 .text          0x030476cc      0xee8 ../finalproject_bsp/\libhal_bsp.a(altera_avalon_lcd_16207.o)
                0x03047ea0                altera_avalon_lcd_16207_write
                0x03048478                altera_avalon_lcd_16207_init
 .text          0x030485b4       0x58 ../finalproject_bsp/\libhal_bsp.a(altera_avalon_lcd_16207_fd.o)
                0x030485b4                altera_avalon_lcd_16207_write_fd
 .text          0x0304860c      0x100 ../finalproject_bsp/\libhal_bsp.a(altera_avalon_timer_sc.o)
                0x0304867c                alt_avalon_timer_sc_init
 .text          0x0304870c       0xf8 ../finalproject_bsp/\libhal_bsp.a(altera_avalon_uart_fd.o)
                0x0304870c                altera_avalon_uart_read_fd
                0x03048764                altera_avalon_uart_write_fd
                0x030487bc                altera_avalon_uart_close_fd
 .text          0x03048804      0x400 ../finalproject_bsp/\libhal_bsp.a(altera_avalon_uart_init.o)
                0x03048804                altera_avalon_uart_init
                0x03048ba4                altera_avalon_uart_close
 .text          0x03048c04      0x290 ../finalproject_bsp/\libhal_bsp.a(altera_avalon_uart_read.o)
                0x03048c04                altera_avalon_uart_read
 .text          0x03048e94      0x228 ../finalproject_bsp/\libhal_bsp.a(altera_avalon_uart_write.o)
                0x03048e94                altera_avalon_uart_write
 .text          0x030490bc      0x154 ../finalproject_bsp/\libhal_bsp.a(alt_alarm_start.o)
                0x030490bc                alt_alarm_start
 .text          0x03049210      0x14c ../finalproject_bsp/\libhal_bsp.a(alt_busy_sleep.o)
                0x03049210                alt_busy_sleep
 .text          0x0304935c      0x15c ../finalproject_bsp/\libhal_bsp.a(alt_close.o)
                0x0304935c                close
 .text          0x030494b8       0x78 ../finalproject_bsp/\libhal_bsp.a(alt_dcache_flush.o)
                0x030494b8                alt_dcache_flush
 .text          0x03049530       0x44 ../finalproject_bsp/\libhal_bsp.a(alt_dcache_flush_all.o)
                0x03049530                alt_dcache_flush_all
 .text          0x03049574       0x2c ../finalproject_bsp/\libhal_bsp.a(alt_dev.o)
 .text          0x030495a0      0x114 ../finalproject_bsp/\libhal_bsp.a(alt_dev_llist_insert.o)
                0x030495a0                alt_dev_llist_insert
 .text          0x030496b4       0x64 ../finalproject_bsp/\libhal_bsp.a(alt_do_ctors.o)
                0x030496b4                _do_ctors
 .text          0x03049718       0x64 ../finalproject_bsp/\libhal_bsp.a(alt_do_dtors.o)
                0x03049718                _do_dtors
 .text          0x0304977c        0x0 ../finalproject_bsp/\libhal_bsp.a(alt_errno.o)
 .text          0x0304977c       0xd0 ../finalproject_bsp/\libhal_bsp.a(alt_flash_dev.o)
                0x0304977c                alt_flash_open_dev
                0x030497f8                alt_flash_close_dev
 .text          0x0304984c       0x30 ../finalproject_bsp/\libhal_bsp.a(alt_icache_flush_all.o)
                0x0304984c                alt_icache_flush_all
 .text          0x0304987c      0x1d4 ../finalproject_bsp/\libhal_bsp.a(alt_iic.o)
                0x0304987c                alt_ic_isr_register
                0x030498cc                alt_ic_irq_enable
                0x03049968                alt_ic_irq_disable
                0x03049a08                alt_ic_irq_enabled
 .text          0x03049a50       0xf8 ../finalproject_bsp/\libhal_bsp.a(alt_iic_isr_register.o)
                0x03049a50                alt_iic_isr_register
 .text          0x03049b48      0x13c ../finalproject_bsp/\libhal_bsp.a(alt_io_redirect.o)
                0x03049c0c                alt_io_redirect
 .text          0x03049c84        0x0 ../finalproject_bsp/\libhal_bsp.a(alt_irq_entry.o)
 .text          0x03049c84        0x0 ../finalproject_bsp/\libhal_bsp.a(alt_irq_handler.o)
 .text          0x03049c84        0x0 ../finalproject_bsp/\libhal_bsp.a(alt_irq_vars.o)
 .text          0x03049c84      0x2c4 ../finalproject_bsp/\libhal_bsp.a(alt_open.o)
                0x03049d60                open
 .text          0x03049f48       0x60 ../finalproject_bsp/\libhal_bsp.a(alt_release_fd.o)
                0x03049f48                alt_release_fd
 .text          0x03049fa8      0x1a4 ../finalproject_bsp/\libhal_bsp.a(alt_tick.o)
                0x03049fa8                alt_alarm_stop
                0x0304a040                alt_tick
 .text          0x0304a14c       0x20 ../finalproject_bsp/\libhal_bsp.a(altera_nios2_irq.o)
                0x0304a14c                altera_nios2_irq_init
 .text          0x0304a16c      0x460 ../finalproject_bsp/\libhal_bsp.a(altera_avalon_cfi_flash_amd.o)
                0x0304a16c                alt_program_amd
                0x0304a1d4                alt_erase_block_amd
 .text          0x0304a5cc      0x460 ../finalproject_bsp/\libhal_bsp.a(altera_avalon_cfi_flash_intel.o)
                0x0304a5cc                alt_program_intel
                0x0304a650                alt_erase_block_intel
 .text          0x0304aa2c        0x0 ../finalproject_bsp/\libhal_bsp.a(alt_exception_entry.o)
 .text          0x0304aa2c       0x94 ../finalproject_bsp/\libhal_bsp.a(alt_find_dev.o)
                0x0304aa2c                alt_find_dev
 .text          0x0304aac0      0x120 ../finalproject_bsp/\libhal_bsp.a(alt_find_file.o)
                0x0304aac0                alt_find_file
 .text          0x0304abe0       0xb8 ../finalproject_bsp/\libhal_bsp.a(alt_get_fd.o)
                0x0304abe0                alt_get_fd
 .text          0x0304ac98       0x90 ../finalproject_bsp/\libhal_bsp.a(alt_icache_flush.o)
                0x0304ac98                alt_icache_flush
 .text          0x0304ad28       0x14 e:/quartus/nios2eds/bin/gnu/h-i686-mingw32/bin/../lib/gcc/nios2-elf/4.1.2/../../../../nios2-elf/lib\libc.a(lib_a-atexit.o)
                0x0304ad28                atexit
 .text          0x0304ad3c       0x38 e:/quartus/nios2eds/bin/gnu/h-i686-mingw32/bin/../lib/gcc/nios2-elf/4.1.2/../../../../nios2-elf/lib\libc.a(lib_a-exit.o)
                0x0304ad3c                exit
 .text          0x0304ad74        0x0 e:/quartus/nios2eds/bin/gnu/h-i686-mingw32/bin/../lib/gcc/nios2-elf/4.1.2/../../../../nios2-elf/lib\libc.a(lib_a-impure.o)
 .text          0x0304ad74        0x0 e:/quartus/nios2eds/bin/gnu/h-i686-mingw32/bin/../lib/gcc/nios2-elf/4.1.2/../../../../nios2-elf/lib\libc.a(lib_a-int_errno.o)
 .text          0x0304ad74       0x74 e:/quartus/nios2eds/bin/gnu/h-i686-mingw32/bin/../lib/gcc/nios2-elf/4.1.2/../../../../nios2-elf/lib\libc.a(lib_a-memcmp.o)
                0x0304ad74                memcmp
 .text          0x0304ade8      0x134 e:/quartus/nios2eds/bin/gnu/h-i686-mingw32/bin/../lib/gcc/nios2-elf/4.1.2/../../../../nios2-elf/lib\libc.a(lib_a-__atexit.o)
                0x0304ade8                __register_exitproc
 .text          0x0304af1c      0x1b4 e:/quartus/nios2eds/bin/gnu/h-i686-mingw32/bin/../lib/gcc/nios2-elf/4.1.2/../../../../nios2-elf/lib\libc.a(lib_a-__call_atexit.o)
                0x0304af20                __call_exitprocs
 .text          0x0304b0d0       0x60 ../finalproject_bsp/\libhal_bsp.a(alt_exit.o)
                0x0304b110                _exit
 *(.gnu.warning.*)
 *(.fini)
                0x0304b130                PROVIDE (__etext, ABSOLUTE (.))
                0x0304b130                PROVIDE (_etext, ABSOLUTE (.))
                0x0304b130                PROVIDE (etext, ABSOLUTE (.))
 *(.eh_frame_hdr)
                0x0304b130                . = ALIGN (0x4)
                0x0304b130                PROVIDE (__preinit_array_start, ABSOLUTE (.))
 *(.preinit_array)
                0x0304b130                PROVIDE (__preinit_array_end, ABSOLUTE (.))
                0x0304b130                PROVIDE (__init_array_start, ABSOLUTE (.))
 *(.init_array)
                0x0304b130                PROVIDE (__init_array_end, ABSOLUTE (.))
                0x0304b130                PROVIDE (__fini_array_start, ABSOLUTE (.))
 *(.fini_array)
                0x0304b130                PROVIDE (__fini_array_end, ABSOLUTE (.))
 *(.eh_frame)
 *(.gcc_except_table)
 *(.dynamic)
                0x0304b130                PROVIDE (__CTOR_LIST__, ABSOLUTE (.))
 *(.ctors)
 *(SORT(.ctors.*))
 .ctors.65535   0x0304b130        0x4 e:/quartus/nios2eds/bin/gnu/h-i686-mingw32/bin/../lib/gcc/nios2-elf/4.1.2/../../../../nios2-elf/lib\libc.a(lib_a-__call_atexit.o)
                0x0304b134                PROVIDE (__CTOR_END__, ABSOLUTE (.))
                0x0304b134                PROVIDE (__DTOR_LIST__, ABSOLUTE (.))
 *(.dtors)
 *(SORT(.dtors.*))
                0x0304b134                PROVIDE (__DTOR_END__, ABSOLUTE (.))
 *(.jcr)
                0x0304b134                . = ALIGN (0x4)

.rodata         0x0304b134      0x35c
                0x0304b134                PROVIDE (__ram_rodata_start, ABSOLUTE (.))
                0x0304b134                . = ALIGN (0x4)
 *(.rodata .rodata.* .gnu.linkonce.r.*)
 .rodata        0x0304b134       0x20 obj/default/LCD.o
 .rodata        0x0304b154       0x54 obj/default/SD_wav_player.o
 .rodata        0x0304b1a8        0xc obj/default/file_list.o
 .rodata        0x0304b1b4      0x281 e:/quartus/nios2eds/bin/gnu/h-i686-mingw32/bin/../lib/gcc/nios2-elf/4.1.2/../../../../nios2-elf/lib\libc.a(lib_a-ctype_.o)
                0x0304b1b4                _ctype_
 *fill*         0x0304b435        0x3 00
 .rodata        0x0304b438       0x10 ../finalproject_bsp/\libhal_bsp.a(alt_main.o)
 .rodata        0x0304b448       0x38 ../finalproject_bsp/\libhal_bsp.a(alt_sys_init.o)
 .rodata        0x0304b480        0xc ../finalproject_bsp/\libhal_bsp.a(alt_dev.o)
 .rodata.str1.4
                0x0304b48c        0x4 e:/quartus/nios2eds/bin/gnu/h-i686-mingw32/bin/../lib/gcc/nios2-elf/4.1.2/../../../../nios2-elf/lib\libc.a(lib_a-impure.o)
 *(.rodata1)
                0x0304b490                . = ALIGN (0x4)
                0x0304b490                PROVIDE (__ram_rodata_end, ABSOLUTE (.))
                0x0304b134                PROVIDE (__flash_rodata_start, LOADADDR (.rodata))

.rwdata         0x0304b490     0x193c load address 0x0304cdcc
                0x0304b490                PROVIDE (__ram_rwdata_start, ABSOLUTE (.))
                0x0304b490                . = ALIGN (0x4)
 *(.got.plt)
 *(.got)
 *(.data1)
 *(.data .data.* .gnu.linkonce.d.*)
 .data          0x0304b490        0x0 ../finalproject_bsp//obj/HAL/src/crt0.o
 .data          0x0304b490        0x0 obj/default/LCD.o
 .data          0x0304b490        0x0 obj/default/SD_wav_player.o
 .data          0x0304b490        0x0 obj/default/file_list.o
 .data          0x0304b490        0x0 obj/default/find_cluster.o
 .data          0x0304b490        0x0 obj/default/read_lyrics.o
 .data          0x0304b490        0x0 obj/default/sd_card.o
 .data          0x0304b490        0x0 obj/default/show_name.o
 .data          0x0304b490        0x0 obj/default/time.o
 .data          0x0304b490        0x0 e:/quartus/nios2eds/bin/gnu/h-i686-mingw32/bin/../lib/gcc/nios2-elf/4.1.2\libgcc.a(lib2-divmod.o)
 .data          0x0304b490        0x0 e:/quartus/nios2eds/bin/gnu/h-i686-mingw32/bin/../lib/gcc/nios2-elf/4.1.2/../../../../nios2-elf/lib\libc.a(lib_a-memcpy.o)
 .data          0x0304b490        0x0 e:/quartus/nios2eds/bin/gnu/h-i686-mingw32/bin/../lib/gcc/nios2-elf/4.1.2/../../../../nios2-elf/lib\libc.a(lib_a-memset.o)
 .data          0x0304b490        0x0 e:/quartus/nios2eds/bin/gnu/h-i686-mingw32/bin/../lib/gcc/nios2-elf/4.1.2/../../../../nios2-elf/lib\libc.a(lib_a-strcmp.o)
 .data          0x0304b490        0x0 e:/quartus/nios2eds/bin/gnu/h-i686-mingw32/bin/../lib/gcc/nios2-elf/4.1.2/../../../../nios2-elf/lib\libc.a(lib_a-strlen.o)
 .data          0x0304b490        0x0 e:/quartus/nios2eds/bin/gnu/h-i686-mingw32/bin/../lib/gcc/nios2-elf/4.1.2/../../../../nios2-elf/lib\libc.a(lib_a-strlwr.o)
 .data          0x0304b490        0x0 e:/quartus/nios2eds/bin/gnu/h-i686-mingw32/bin/../lib/gcc/nios2-elf/4.1.2/../../../../nios2-elf/lib\libc.a(lib_a-ctype_.o)
 .data          0x0304b490        0x0 ../finalproject_bsp/\libhal_bsp.a(alt_load.o)
 .data          0x0304b490        0x0 ../finalproject_bsp/\libhal_bsp.a(alt_main.o)
 .data          0x0304b490        0x0 ../finalproject_bsp/\libhal_bsp.a(alt_usleep.o)
 .data          0x0304b490     0x131c ../finalproject_bsp/\libhal_bsp.a(alt_sys_init.o)
 .data          0x0304c7ac        0x0 ../finalproject_bsp/\libhal_bsp.a(altera_avalon_cfi_flash.o)
 .data          0x0304c7ac        0x0 ../finalproject_bsp/\libhal_bsp.a(altera_avalon_cfi_flash_table.o)
 .data          0x0304c7ac        0x0 ../finalproject_bsp/\libhal_bsp.a(altera_avalon_jtag_uart_fd.o)
 .data          0x0304c7ac        0x0 ../finalproject_bsp/\libhal_bsp.a(altera_avalon_jtag_uart_init.o)
 .data          0x0304c7ac        0x0 ../finalproject_bsp/\libhal_bsp.a(altera_avalon_jtag_uart_ioctl.o)
 .data          0x0304c7ac        0x0 ../finalproject_bsp/\libhal_bsp.a(altera_avalon_jtag_uart_read.o)
 .data          0x0304c7ac        0x0 ../finalproject_bsp/\libhal_bsp.a(altera_avalon_jtag_uart_write.o)
 .data          0x0304c7ac        0x0 ../finalproject_bsp/\libhal_bsp.a(altera_avalon_lcd_16207.o)
 .data          0x0304c7ac        0x0 ../finalproject_bsp/\libhal_bsp.a(altera_avalon_lcd_16207_fd.o)
 .data          0x0304c7ac        0x0 ../finalproject_bsp/\libhal_bsp.a(altera_avalon_timer_sc.o)
 .data          0x0304c7ac        0x0 ../finalproject_bsp/\libhal_bsp.a(altera_avalon_uart_fd.o)
 .data          0x0304c7ac        0x0 ../finalproject_bsp/\libhal_bsp.a(altera_avalon_uart_init.o)
 .data          0x0304c7ac        0x0 ../finalproject_bsp/\libhal_bsp.a(altera_avalon_uart_read.o)
 .data          0x0304c7ac        0x0 ../finalproject_bsp/\libhal_bsp.a(altera_avalon_uart_write.o)
 .data          0x0304c7ac        0x0 ../finalproject_bsp/\libhal_bsp.a(alt_alarm_start.o)
 .data          0x0304c7ac        0x0 ../finalproject_bsp/\libhal_bsp.a(alt_busy_sleep.o)
 .data          0x0304c7ac        0x0 ../finalproject_bsp/\libhal_bsp.a(alt_close.o)
 .data          0x0304c7ac        0x0 ../finalproject_bsp/\libhal_bsp.a(alt_dcache_flush.o)
 .data          0x0304c7ac        0x0 ../finalproject_bsp/\libhal_bsp.a(alt_dcache_flush_all.o)
 .data          0x0304c7ac      0x1a8 ../finalproject_bsp/\libhal_bsp.a(alt_dev.o)
                0x0304c7ac                alt_dev_null
                0x0304c7d4                alt_fd_list
 .data          0x0304c954        0x0 ../finalproject_bsp/\libhal_bsp.a(alt_dev_llist_insert.o)
 .data          0x0304c954        0x0 ../finalproject_bsp/\libhal_bsp.a(alt_do_ctors.o)
 .data          0x0304c954        0x0 ../finalproject_bsp/\libhal_bsp.a(alt_do_dtors.o)
 .data          0x0304c954        0x0 ../finalproject_bsp/\libhal_bsp.a(alt_errno.o)
 .data          0x0304c954        0x0 ../finalproject_bsp/\libhal_bsp.a(alt_flash_dev.o)
 .data          0x0304c954        0x0 ../finalproject_bsp/\libhal_bsp.a(alt_icache_flush_all.o)
 .data          0x0304c954        0x0 ../finalproject_bsp/\libhal_bsp.a(alt_iic.o)
 .data          0x0304c954        0x0 ../finalproject_bsp/\libhal_bsp.a(alt_iic_isr_register.o)
 .data          0x0304c954        0x0 ../finalproject_bsp/\libhal_bsp.a(alt_io_redirect.o)
 .data          0x0304c954        0x0 ../finalproject_bsp/\libhal_bsp.a(alt_irq_entry.o)
 .data          0x0304c954        0x0 ../finalproject_bsp/\libhal_bsp.a(alt_irq_handler.o)
 .data          0x0304c954        0x0 ../finalproject_bsp/\libhal_bsp.a(alt_irq_vars.o)
 .data          0x0304c954        0x0 ../finalproject_bsp/\libhal_bsp.a(alt_open.o)
 .data          0x0304c954        0x0 ../finalproject_bsp/\libhal_bsp.a(alt_release_fd.o)
 .data          0x0304c954        0x0 ../finalproject_bsp/\libhal_bsp.a(alt_tick.o)
 .data          0x0304c954        0x0 ../finalproject_bsp/\libhal_bsp.a(altera_nios2_irq.o)
 .data          0x0304c954        0x0 ../finalproject_bsp/\libhal_bsp.a(altera_avalon_cfi_flash_amd.o)
 .data          0x0304c954        0x0 ../finalproject_bsp/\libhal_bsp.a(altera_avalon_cfi_flash_intel.o)
 .data          0x0304c954        0x0 ../finalproject_bsp/\libhal_bsp.a(alt_exception_entry.o)
 .data          0x0304c954        0x0 ../finalproject_bsp/\libhal_bsp.a(alt_find_dev.o)
 .data          0x0304c954        0x0 ../finalproject_bsp/\libhal_bsp.a(alt_find_file.o)
 .data          0x0304c954        0x0 ../finalproject_bsp/\libhal_bsp.a(alt_get_fd.o)
 .data          0x0304c954        0x0 ../finalproject_bsp/\libhal_bsp.a(alt_icache_flush.o)
 .data          0x0304c954        0x0 e:/quartus/nios2eds/bin/gnu/h-i686-mingw32/bin/../lib/gcc/nios2-elf/4.1.2/../../../../nios2-elf/lib\libc.a(lib_a-atexit.o)
 .data          0x0304c954        0x0 e:/quartus/nios2eds/bin/gnu/h-i686-mingw32/bin/../lib/gcc/nios2-elf/4.1.2/../../../../nios2-elf/lib\libc.a(lib_a-exit.o)
 .data          0x0304c954      0x400 e:/quartus/nios2eds/bin/gnu/h-i686-mingw32/bin/../lib/gcc/nios2-elf/4.1.2/../../../../nios2-elf/lib\libc.a(lib_a-impure.o)
 .data          0x0304cd54        0x0 e:/quartus/nios2eds/bin/gnu/h-i686-mingw32/bin/../lib/gcc/nios2-elf/4.1.2/../../../../nios2-elf/lib\libc.a(lib_a-int_errno.o)
 .data          0x0304cd54        0x0 e:/quartus/nios2eds/bin/gnu/h-i686-mingw32/bin/../lib/gcc/nios2-elf/4.1.2/../../../../nios2-elf/lib\libc.a(lib_a-memcmp.o)
 .data          0x0304cd54        0x0 e:/quartus/nios2eds/bin/gnu/h-i686-mingw32/bin/../lib/gcc/nios2-elf/4.1.2/../../../../nios2-elf/lib\libc.a(lib_a-__atexit.o)
 .data          0x0304cd54        0x0 e:/quartus/nios2eds/bin/gnu/h-i686-mingw32/bin/../lib/gcc/nios2-elf/4.1.2/../../../../nios2-elf/lib\libc.a(lib_a-__call_atexit.o)
 .data          0x0304cd54        0x0 ../finalproject_bsp/\libhal_bsp.a(alt_exit.o)
                0x03054d54                _gp = ABSOLUTE ((. + 0x8000))
                0x03054d54                PROVIDE (gp, _gp)
 *(.rwdata .rwdata.*)
 *(.sdata .sdata.* .gnu.linkonce.s.*)
 .sdata         0x0304cd54       0x3c obj/default/sd_card.o
                0x0304cd54                cmd0
                0x0304cd59                cmd55
                0x0304cd5e                cmd2
                0x0304cd63                cmd3
                0x0304cd68                cmd7
                0x0304cd6d                cmd9
                0x0304cd72                cmd16
                0x0304cd77                cmd17
                0x0304cd7c                cmd24
                0x0304cd81                acmd6
                0x0304cd86                acmd41
                0x0304cd8b                acmd51
 .sdata         0x0304cd90        0x4 e:/quartus/nios2eds/bin/gnu/h-i686-mingw32/bin/../lib/gcc/nios2-elf/4.1.2/../../../../nios2-elf/lib\libc.a(lib_a-ctype_.o)
                0x0304cd90                __ctype_ptr
 .sdata         0x0304cd94        0x4 ../finalproject_bsp/\libhal_bsp.a(altera_avalon_lcd_16207.o)
 .sdata         0x0304cd98       0x14 ../finalproject_bsp/\libhal_bsp.a(alt_dev.o)
                0x0304cd98                alt_fs_list
                0x0304cda0                alt_dev_list
                0x0304cda8                alt_max_fd
 .sdata         0x0304cdac        0x4 ../finalproject_bsp/\libhal_bsp.a(alt_errno.o)
                0x0304cdac                alt_errno
 .sdata         0x0304cdb0        0x8 ../finalproject_bsp/\libhal_bsp.a(alt_flash_dev.o)
                0x0304cdb0                alt_flash_dev_list
 .sdata         0x0304cdb8        0x4 ../finalproject_bsp/\libhal_bsp.a(alt_irq_vars.o)
                0x0304cdb8                alt_priority_mask
 .sdata         0x0304cdbc        0x8 ../finalproject_bsp/\libhal_bsp.a(alt_tick.o)
                0x0304cdbc                alt_alarm_list
 .sdata         0x0304cdc4        0x8 e:/quartus/nios2eds/bin/gnu/h-i686-mingw32/bin/../lib/gcc/nios2-elf/4.1.2/../../../../nios2-elf/lib\libc.a(lib_a-impure.o)
                0x0304cdc4                _impure_ptr
                0x0304cdc8                _global_impure_ptr
 *(.sdata2 .sdata2.* .gnu.linkonce.s2.*)
                0x0304cdcc                . = ALIGN (0x4)
                0x0304cdcc                _edata = ABSOLUTE (.)
                0x0304cdcc                PROVIDE (edata, ABSOLUTE (.))
                0x0304cdcc                PROVIDE (__ram_rwdata_end, ABSOLUTE (.))
                0x0304cdcc                PROVIDE (__flash_rwdata_start, LOADADDR (.rwdata))

.bss            0x0304e708      0x2cc
                0x0304e708                __bss_start = ABSOLUTE (.)
                0x0304e708                PROVIDE (__sbss_start, ABSOLUTE (.))
                0x0304e708                PROVIDE (___sbss_start, ABSOLUTE (.))
 *(.dynsbss)
 *(.sbss .sbss.* .gnu.linkonce.sb.*)
 .sbss          0x0304e708        0x9 obj/default/sd_card.o
                0x0304e708                cmd_buffer
                0x0304e70d                read_status
                0x0304e70e                write_status
                0x0304e70f                RCA
 *fill*         0x0304e711        0x3 00
 .sbss          0x0304e714        0xc ../finalproject_bsp/\libhal_bsp.a(alt_main.o)
                0x0304e714                alt_argc
                0x0304e718                alt_argv
                0x0304e71c                alt_envp
 .sbss          0x0304e720        0x4 ../finalproject_bsp/\libhal_bsp.a(alt_irq_vars.o)
                0x0304e720                alt_irq_active
 .sbss          0x0304e724        0x8 ../finalproject_bsp/\libhal_bsp.a(alt_tick.o)
                0x0304e724                _alt_tick_rate
                0x0304e728                _alt_nticks
 .sbss          0x0304e72c        0x4 e:/quartus/nios2eds/bin/gnu/h-i686-mingw32/bin/../lib/gcc/nios2-elf/4.1.2/../../../../nios2-elf/lib\libc.a(lib_a-int_errno.o)
                0x0304e72c                errno
 *(.sbss2 .sbss2.* .gnu.linkonce.sb2.*)
 *(.scommon)
                0x0304e730                PROVIDE (__sbss_end, ABSOLUTE (.))
                0x0304e730                PROVIDE (___sbss_end, ABSOLUTE (.))
 *(.dynbss)
 *(.bss .bss.* .gnu.linkonce.b.*)
 .bss           0x0304e730        0x0 ../finalproject_bsp//obj/HAL/src/crt0.o
 .bss           0x0304e730        0x0 obj/default/LCD.o
 .bss           0x0304e730        0x0 obj/default/SD_wav_player.o
 .bss           0x0304e730        0x0 obj/default/file_list.o
 .bss           0x0304e730        0x0 obj/default/find_cluster.o
 .bss           0x0304e730        0x0 obj/default/read_lyrics.o
 .bss           0x0304e730        0x0 obj/default/sd_card.o
 .bss           0x0304e730        0x0 obj/default/show_name.o
 .bss           0x0304e730        0x0 obj/default/time.o
 .bss           0x0304e730        0x0 e:/quartus/nios2eds/bin/gnu/h-i686-mingw32/bin/../lib/gcc/nios2-elf/4.1.2\libgcc.a(lib2-divmod.o)
 .bss           0x0304e730        0x0 e:/quartus/nios2eds/bin/gnu/h-i686-mingw32/bin/../lib/gcc/nios2-elf/4.1.2/../../../../nios2-elf/lib\libc.a(lib_a-memcpy.o)
 .bss           0x0304e730        0x0 e:/quartus/nios2eds/bin/gnu/h-i686-mingw32/bin/../lib/gcc/nios2-elf/4.1.2/../../../../nios2-elf/lib\libc.a(lib_a-memset.o)
 .bss           0x0304e730        0x0 e:/quartus/nios2eds/bin/gnu/h-i686-mingw32/bin/../lib/gcc/nios2-elf/4.1.2/../../../../nios2-elf/lib\libc.a(lib_a-strcmp.o)
 .bss           0x0304e730        0x0 e:/quartus/nios2eds/bin/gnu/h-i686-mingw32/bin/../lib/gcc/nios2-elf/4.1.2/../../../../nios2-elf/lib\libc.a(lib_a-strlen.o)
 .bss           0x0304e730        0x0 e:/quartus/nios2eds/bin/gnu/h-i686-mingw32/bin/../lib/gcc/nios2-elf/4.1.2/../../../../nios2-elf/lib\libc.a(lib_a-strlwr.o)
 .bss           0x0304e730        0x0 e:/quartus/nios2eds/bin/gnu/h-i686-mingw32/bin/../lib/gcc/nios2-elf/4.1.2/../../../../nios2-elf/lib\libc.a(lib_a-ctype_.o)
 .bss           0x0304e730        0x0 ../finalproject_bsp/\libhal_bsp.a(alt_load.o)
 .bss           0x0304e730        0x0 ../finalproject_bsp/\libhal_bsp.a(alt_main.o)
 .bss           0x0304e730        0x0 ../finalproject_bsp/\libhal_bsp.a(alt_usleep.o)
 .bss           0x0304e730        0x0 ../finalproject_bsp/\libhal_bsp.a(alt_sys_init.o)
 .bss           0x0304e730        0x0 ../finalproject_bsp/\libhal_bsp.a(altera_avalon_cfi_flash.o)
 .bss           0x0304e730        0x0 ../finalproject_bsp/\libhal_bsp.a(altera_avalon_cfi_flash_table.o)
 .bss           0x0304e730        0x0 ../finalproject_bsp/\libhal_bsp.a(altera_avalon_jtag_uart_fd.o)
 .bss           0x0304e730        0x0 ../finalproject_bsp/\libhal_bsp.a(altera_avalon_jtag_uart_init.o)
 .bss           0x0304e730        0x0 ../finalproject_bsp/\libhal_bsp.a(altera_avalon_jtag_uart_ioctl.o)
 .bss           0x0304e730        0x0 ../finalproject_bsp/\libhal_bsp.a(altera_avalon_jtag_uart_read.o)
 .bss           0x0304e730        0x0 ../finalproject_bsp/\libhal_bsp.a(altera_avalon_jtag_uart_write.o)
 .bss           0x0304e730        0x0 ../finalproject_bsp/\libhal_bsp.a(altera_avalon_lcd_16207.o)
 .bss           0x0304e730        0x0 ../finalproject_bsp/\libhal_bsp.a(altera_avalon_lcd_16207_fd.o)
 .bss           0x0304e730        0x0 ../finalproject_bsp/\libhal_bsp.a(altera_avalon_timer_sc.o)
 .bss           0x0304e730        0x0 ../finalproject_bsp/\libhal_bsp.a(altera_avalon_uart_fd.o)
 .bss           0x0304e730        0x0 ../finalproject_bsp/\libhal_bsp.a(altera_avalon_uart_init.o)
 .bss           0x0304e730        0x0 ../finalproject_bsp/\libhal_bsp.a(altera_avalon_uart_read.o)
 .bss           0x0304e730        0x0 ../finalproject_bsp/\libhal_bsp.a(altera_avalon_uart_write.o)
 .bss           0x0304e730        0x0 ../finalproject_bsp/\libhal_bsp.a(alt_alarm_start.o)
 .bss           0x0304e730        0x0 ../finalproject_bsp/\libhal_bsp.a(alt_busy_sleep.o)
 .bss           0x0304e730        0x0 ../finalproject_bsp/\libhal_bsp.a(alt_close.o)
 .bss           0x0304e730        0x0 ../finalproject_bsp/\libhal_bsp.a(alt_dcache_flush.o)
 .bss           0x0304e730        0x0 ../finalproject_bsp/\libhal_bsp.a(alt_dcache_flush_all.o)
 .bss           0x0304e730        0x0 ../finalproject_bsp/\libhal_bsp.a(alt_dev.o)
 .bss           0x0304e730        0x0 ../finalproject_bsp/\libhal_bsp.a(alt_dev_llist_insert.o)
 .bss           0x0304e730        0x0 ../finalproject_bsp/\libhal_bsp.a(alt_do_ctors.o)
 .bss           0x0304e730        0x0 ../finalproject_bsp/\libhal_bsp.a(alt_do_dtors.o)
 .bss           0x0304e730        0x0 ../finalproject_bsp/\libhal_bsp.a(alt_errno.o)
 .bss           0x0304e730        0x0 ../finalproject_bsp/\libhal_bsp.a(alt_flash_dev.o)
 .bss           0x0304e730        0x0 ../finalproject_bsp/\libhal_bsp.a(alt_icache_flush_all.o)
 .bss           0x0304e730        0x0 ../finalproject_bsp/\libhal_bsp.a(alt_iic.o)
 .bss           0x0304e730        0x0 ../finalproject_bsp/\libhal_bsp.a(alt_iic_isr_register.o)
 .bss           0x0304e730        0x0 ../finalproject_bsp/\libhal_bsp.a(alt_io_redirect.o)
 .bss           0x0304e730        0x0 ../finalproject_bsp/\libhal_bsp.a(alt_irq_entry.o)
 .bss           0x0304e730        0x0 ../finalproject_bsp/\libhal_bsp.a(alt_irq_handler.o)
 .bss           0x0304e730        0x0 ../finalproject_bsp/\libhal_bsp.a(alt_irq_vars.o)
 .bss           0x0304e730        0x0 ../finalproject_bsp/\libhal_bsp.a(alt_open.o)
 .bss           0x0304e730        0x0 ../finalproject_bsp/\libhal_bsp.a(alt_release_fd.o)
 .bss           0x0304e730        0x0 ../finalproject_bsp/\libhal_bsp.a(alt_tick.o)
 .bss           0x0304e730        0x0 ../finalproject_bsp/\libhal_bsp.a(altera_nios2_irq.o)
 .bss           0x0304e730        0x0 ../finalproject_bsp/\libhal_bsp.a(altera_avalon_cfi_flash_amd.o)
 .bss           0x0304e730        0x0 ../finalproject_bsp/\libhal_bsp.a(altera_avalon_cfi_flash_intel.o)
 .bss           0x0304e730        0x0 ../finalproject_bsp/\libhal_bsp.a(alt_exception_entry.o)
 .bss           0x0304e730        0x0 ../finalproject_bsp/\libhal_bsp.a(alt_find_dev.o)
 .bss           0x0304e730        0x0 ../finalproject_bsp/\libhal_bsp.a(alt_find_file.o)
 .bss           0x0304e730        0x0 ../finalproject_bsp/\libhal_bsp.a(alt_get_fd.o)
 .bss           0x0304e730        0x0 ../finalproject_bsp/\libhal_bsp.a(alt_icache_flush.o)
 .bss           0x0304e730        0x0 e:/quartus/nios2eds/bin/gnu/h-i686-mingw32/bin/../lib/gcc/nios2-elf/4.1.2/../../../../nios2-elf/lib\libc.a(lib_a-atexit.o)
 .bss           0x0304e730        0x0 e:/quartus/nios2eds/bin/gnu/h-i686-mingw32/bin/../lib/gcc/nios2-elf/4.1.2/../../../../nios2-elf/lib\libc.a(lib_a-exit.o)
 .bss           0x0304e730        0x0 e:/quartus/nios2eds/bin/gnu/h-i686-mingw32/bin/../lib/gcc/nios2-elf/4.1.2/../../../../nios2-elf/lib\libc.a(lib_a-impure.o)
 .bss           0x0304e730        0x0 e:/quartus/nios2eds/bin/gnu/h-i686-mingw32/bin/../lib/gcc/nios2-elf/4.1.2/../../../../nios2-elf/lib\libc.a(lib_a-int_errno.o)
 .bss           0x0304e730        0x0 e:/quartus/nios2eds/bin/gnu/h-i686-mingw32/bin/../lib/gcc/nios2-elf/4.1.2/../../../../nios2-elf/lib\libc.a(lib_a-memcmp.o)
 .bss           0x0304e730        0x0 e:/quartus/nios2eds/bin/gnu/h-i686-mingw32/bin/../lib/gcc/nios2-elf/4.1.2/../../../../nios2-elf/lib\libc.a(lib_a-__atexit.o)
 .bss           0x0304e730        0x0 e:/quartus/nios2eds/bin/gnu/h-i686-mingw32/bin/../lib/gcc/nios2-elf/4.1.2/../../../../nios2-elf/lib\libc.a(lib_a-__call_atexit.o)
 .bss           0x0304e730        0x0 ../finalproject_bsp/\libhal_bsp.a(alt_exit.o)
 *(COMMON)
 COMMON         0x0304e730       0x14 obj/default/sd_card.o
                0x0304e730                response_buffer
 COMMON         0x0304e744      0x100 ../finalproject_bsp/\libhal_bsp.a(alt_irq_handler.o)
                0x0304e744                alt_irq
 COMMON         0x0304e844      0x190 e:/quartus/nios2eds/bin/gnu/h-i686-mingw32/bin/../lib/gcc/nios2-elf/4.1.2/../../../../nios2-elf/lib\libc.a(lib_a-atexit.o)
                0x0304e844                _atexit0
                0x0304e9d4                . = ALIGN (0x4)
                0x0304e9d4                __bss_end = ABSOLUTE (.)

.cfi_flash      0x02800000        0x0 load address 0x0304e9d4
                0x02800000                PROVIDE (_alt_partition_cfi_flash_start, ABSOLUTE (.))
 *(.cfi_flash. cfi_flash.*)
                0x02800000                . = ALIGN (0x4)
                0x02800000                PROVIDE (_alt_partition_cfi_flash_end, ABSOLUTE (.))
                0x0304e9d4                PROVIDE (_alt_partition_cfi_flash_load_addr, LOADADDR (.cfi_flash))

.onchip_memory2
                0x0304e9d4        0x0
                0x0304e9d4                PROVIDE (_alt_partition_onchip_memory2_start, ABSOLUTE (.))
 *(.onchip_memory2. onchip_memory2.*)
                0x0304e9d4                . = ALIGN (0x4)
                0x0304e9d4                PROVIDE (_alt_partition_onchip_memory2_end, ABSOLUTE (.))
                0x0304e9d4                _end = ABSOLUTE (.)
                0x0304e9d4                end = ABSOLUTE (.)
                0x0304e9d4                __alt_stack_base = ABSOLUTE (.)
                0x0304e9d4                PROVIDE (_alt_partition_onchip_memory2_load_addr, LOADADDR (.onchip_memory2))

.stab
 *(.stab)

.stabstr
 *(.stabstr)

.stab.excl
 *(.stab.excl)

.stab.exclstr
 *(.stab.exclstr)

.stab.index
 *(.stab.index)

.stab.indexstr
 *(.stab.indexstr)

.comment        0x00000000       0x26
 *(.comment)
 .comment       0x00000000       0x26 obj/default/LCD.o
                                 0x27 (size before relaxing)
 .comment       0x00000000       0x27 obj/default/SD_wav_player.o
 .comment       0x00000000       0x27 obj/default/file_list.o
 .comment       0x00000000       0x27 obj/default/find_cluster.o
 .comment       0x00000000       0x27 obj/default/read_lyrics.o
 .comment       0x00000000       0x27 obj/default/sd_card.o
 .comment       0x00000000       0x27 obj/default/show_name.o
 .comment       0x00000000       0x27 obj/default/time.o
 .comment       0x00000000       0x27 e:/quartus/nios2eds/bin/gnu/h-i686-mingw32/bin/../lib/gcc/nios2-elf/4.1.2\libgcc.a(lib2-divmod.o)
 .comment       0x00000000       0x27 e:/quartus/nios2eds/bin/gnu/h-i686-mingw32/bin/../lib/gcc/nios2-elf/4.1.2/../../../../nios2-elf/lib\libc.a(lib_a-memcpy.o)
 .comment       0x00000000       0x27 e:/quartus/nios2eds/bin/gnu/h-i686-mingw32/bin/../lib/gcc/nios2-elf/4.1.2/../../../../nios2-elf/lib\libc.a(lib_a-memset.o)
 .comment       0x00000000       0x27 e:/quartus/nios2eds/bin/gnu/h-i686-mingw32/bin/../lib/gcc/nios2-elf/4.1.2/../../../../nios2-elf/lib\libc.a(lib_a-strcmp.o)
 .comment       0x00000000       0x27 e:/quartus/nios2eds/bin/gnu/h-i686-mingw32/bin/../lib/gcc/nios2-elf/4.1.2/../../../../nios2-elf/lib\libc.a(lib_a-strlen.o)
 .comment       0x00000000       0x27 e:/quartus/nios2eds/bin/gnu/h-i686-mingw32/bin/../lib/gcc/nios2-elf/4.1.2/../../../../nios2-elf/lib\libc.a(lib_a-strlwr.o)
 .comment       0x00000000       0x27 e:/quartus/nios2eds/bin/gnu/h-i686-mingw32/bin/../lib/gcc/nios2-elf/4.1.2/../../../../nios2-elf/lib\libc.a(lib_a-ctype_.o)
 .comment       0x00000000       0x27 ../finalproject_bsp/\libhal_bsp.a(alt_load.o)
 .comment       0x00000000       0x27 ../finalproject_bsp/\libhal_bsp.a(alt_main.o)
 .comment       0x00000000       0x27 ../finalproject_bsp/\libhal_bsp.a(alt_usleep.o)
 .comment       0x00000000       0x27 ../finalproject_bsp/\libhal_bsp.a(alt_sys_init.o)
 .comment       0x00000000       0x27 ../finalproject_bsp/\libhal_bsp.a(altera_avalon_cfi_flash.o)
 .comment       0x00000000       0x27 ../finalproject_bsp/\libhal_bsp.a(altera_avalon_cfi_flash_table.o)
 .comment       0x00000000       0x27 ../finalproject_bsp/\libhal_bsp.a(altera_avalon_jtag_uart_fd.o)
 .comment       0x00000000       0x27 ../finalproject_bsp/\libhal_bsp.a(altera_avalon_jtag_uart_init.o)
 .comment       0x00000000       0x27 ../finalproject_bsp/\libhal_bsp.a(altera_avalon_jtag_uart_ioctl.o)
 .comment       0x00000000       0x27 ../finalproject_bsp/\libhal_bsp.a(altera_avalon_jtag_uart_read.o)
 .comment       0x00000000       0x27 ../finalproject_bsp/\libhal_bsp.a(altera_avalon_jtag_uart_write.o)
 .comment       0x00000000       0x27 ../finalproject_bsp/\libhal_bsp.a(altera_avalon_lcd_16207.o)
 .comment       0x00000000       0x27 ../finalproject_bsp/\libhal_bsp.a(altera_avalon_lcd_16207_fd.o)
 .comment       0x00000000       0x27 ../finalproject_bsp/\libhal_bsp.a(altera_avalon_timer_sc.o)
 .comment       0x00000000       0x27 ../finalproject_bsp/\libhal_bsp.a(altera_avalon_uart_fd.o)
 .comment       0x00000000       0x27 ../finalproject_bsp/\libhal_bsp.a(altera_avalon_uart_init.o)
 .comment       0x00000000       0x27 ../finalproject_bsp/\libhal_bsp.a(altera_avalon_uart_read.o)
 .comment       0x00000000       0x27 ../finalproject_bsp/\libhal_bsp.a(altera_avalon_uart_write.o)
 .comment       0x00000000       0x27 ../finalproject_bsp/\libhal_bsp.a(alt_alarm_start.o)
 .comment       0x00000000       0x27 ../finalproject_bsp/\libhal_bsp.a(alt_busy_sleep.o)
 .comment       0x00000000       0x27 ../finalproject_bsp/\libhal_bsp.a(alt_close.o)
 .comment       0x00000000       0x27 ../finalproject_bsp/\libhal_bsp.a(alt_dcache_flush.o)
 .comment       0x00000000       0x27 ../finalproject_bsp/\libhal_bsp.a(alt_dcache_flush_all.o)
 .comment       0x00000000       0x27 ../finalproject_bsp/\libhal_bsp.a(alt_dev.o)
 .comment       0x00000000       0x27 ../finalproject_bsp/\libhal_bsp.a(alt_dev_llist_insert.o)
 .comment       0x00000000       0x27 ../finalproject_bsp/\libhal_bsp.a(alt_do_ctors.o)
 .comment       0x00000000       0x27 ../finalproject_bsp/\libhal_bsp.a(alt_do_dtors.o)
 .comment       0x00000000       0x27 ../finalproject_bsp/\libhal_bsp.a(alt_errno.o)
 .comment       0x00000000       0x27 ../finalproject_bsp/\libhal_bsp.a(alt_flash_dev.o)
 .comment       0x00000000       0x27 ../finalproject_bsp/\libhal_bsp.a(alt_icache_flush_all.o)
 .comment       0x00000000       0x27 ../finalproject_bsp/\libhal_bsp.a(alt_iic.o)
 .comment       0x00000000       0x27 ../finalproject_bsp/\libhal_bsp.a(alt_iic_isr_register.o)
 .comment       0x00000000       0x27 ../finalproject_bsp/\libhal_bsp.a(alt_io_redirect.o)
 .comment       0x00000000       0x27 ../finalproject_bsp/\libhal_bsp.a(alt_irq_handler.o)
 .comment       0x00000000       0x27 ../finalproject_bsp/\libhal_bsp.a(alt_irq_vars.o)
 .comment       0x00000000       0x27 ../finalproject_bsp/\libhal_bsp.a(alt_open.o)
 .comment       0x00000000       0x27 ../finalproject_bsp/\libhal_bsp.a(alt_release_fd.o)
 .comment       0x00000000       0x27 ../finalproject_bsp/\libhal_bsp.a(alt_tick.o)
 .comment       0x00000000       0x27 ../finalproject_bsp/\libhal_bsp.a(altera_nios2_irq.o)
 .comment       0x00000000       0x27 ../finalproject_bsp/\libhal_bsp.a(altera_avalon_cfi_flash_amd.o)
 .comment       0x00000000       0x27 ../finalproject_bsp/\libhal_bsp.a(altera_avalon_cfi_flash_intel.o)
 .comment       0x00000000       0x27 ../finalproject_bsp/\libhal_bsp.a(alt_find_dev.o)
 .comment       0x00000000       0x27 ../finalproject_bsp/\libhal_bsp.a(alt_find_file.o)
 .comment       0x00000000       0x27 ../finalproject_bsp/\libhal_bsp.a(alt_get_fd.o)
 .comment       0x00000000       0x27 ../finalproject_bsp/\libhal_bsp.a(alt_icache_flush.o)
 .comment       0x00000000       0x27 e:/quartus/nios2eds/bin/gnu/h-i686-mingw32/bin/../lib/gcc/nios2-elf/4.1.2/../../../../nios2-elf/lib\libc.a(lib_a-atexit.o)
 .comment       0x00000000       0x27 e:/quartus/nios2eds/bin/gnu/h-i686-mingw32/bin/../lib/gcc/nios2-elf/4.1.2/../../../../nios2-elf/lib\libc.a(lib_a-exit.o)
 .comment       0x00000000       0x27 e:/quartus/nios2eds/bin/gnu/h-i686-mingw32/bin/../lib/gcc/nios2-elf/4.1.2/../../../../nios2-elf/lib\libc.a(lib_a-impure.o)
 .comment       0x00000000       0x27 e:/quartus/nios2eds/bin/gnu/h-i686-mingw32/bin/../lib/gcc/nios2-elf/4.1.2/../../../../nios2-elf/lib\libc.a(lib_a-int_errno.o)
 .comment       0x00000000       0x27 e:/quartus/nios2eds/bin/gnu/h-i686-mingw32/bin/../lib/gcc/nios2-elf/4.1.2/../../../../nios2-elf/lib\libc.a(lib_a-memcmp.o)
 .comment       0x00000000       0x27 e:/quartus/nios2eds/bin/gnu/h-i686-mingw32/bin/../lib/gcc/nios2-elf/4.1.2/../../../../nios2-elf/lib\libc.a(lib_a-__atexit.o)
 .comment       0x00000000       0x27 e:/quartus/nios2eds/bin/gnu/h-i686-mingw32/bin/../lib/gcc/nios2-elf/4.1.2/../../../../nios2-elf/lib\libc.a(lib_a-__call_atexit.o)
 .comment       0x00000000       0x27 ../finalproject_bsp/\libhal_bsp.a(alt_exit.o)

.debug
 *(.debug)

.line
 *(.line)

.debug_srcinfo
 *(.debug_srcinfo)

.debug_sfnames
 *(.debug_sfnames)

.debug_aranges  0x00000000      0x878
 *(.debug_aranges)
 .debug_aranges
                0x00000000       0x28 ../finalproject_bsp//obj/HAL/src/crt0.o
 .debug_aranges
                0x00000028       0x20 obj/default/LCD.o
 .debug_aranges
                0x00000048       0x20 obj/default/SD_wav_player.o
 .debug_aranges
                0x00000068       0x20 obj/default/file_list.o
 .debug_aranges
                0x00000088       0x20 obj/default/find_cluster.o
 .debug_aranges
                0x000000a8       0x20 obj/default/read_lyrics.o
 .debug_aranges
                0x000000c8       0x20 obj/default/sd_card.o
 .debug_aranges
                0x000000e8       0x20 obj/default/show_name.o
 .debug_aranges
                0x00000108       0x20 obj/default/time.o
 .debug_aranges
                0x00000128       0x20 e:/quartus/nios2eds/bin/gnu/h-i686-mingw32/bin/../lib/gcc/nios2-elf/4.1.2\libgcc.a(lib2-divmod.o)
 .debug_aranges
                0x00000148       0x20 e:/quartus/nios2eds/bin/gnu/h-i686-mingw32/bin/../lib/gcc/nios2-elf/4.1.2/../../../../nios2-elf/lib\libc.a(lib_a-memcpy.o)
 .debug_aranges
                0x00000168       0x20 e:/quartus/nios2eds/bin/gnu/h-i686-mingw32/bin/../lib/gcc/nios2-elf/4.1.2/../../../../nios2-elf/lib\libc.a(lib_a-memset.o)
 .debug_aranges
                0x00000188       0x20 e:/quartus/nios2eds/bin/gnu/h-i686-mingw32/bin/../lib/gcc/nios2-elf/4.1.2/../../../../nios2-elf/lib\libc.a(lib_a-strcmp.o)
 .debug_aranges
                0x000001a8       0x20 e:/quartus/nios2eds/bin/gnu/h-i686-mingw32/bin/../lib/gcc/nios2-elf/4.1.2/../../../../nios2-elf/lib\libc.a(lib_a-strlen.o)
 .debug_aranges
                0x000001c8       0x20 e:/quartus/nios2eds/bin/gnu/h-i686-mingw32/bin/../lib/gcc/nios2-elf/4.1.2/../../../../nios2-elf/lib\libc.a(lib_a-strlwr.o)
 .debug_aranges
                0x000001e8       0x20 ../finalproject_bsp/\libhal_bsp.a(alt_load.o)
 .debug_aranges
                0x00000208       0x20 ../finalproject_bsp/\libhal_bsp.a(alt_main.o)
 .debug_aranges
                0x00000228       0x20 ../finalproject_bsp/\libhal_bsp.a(alt_usleep.o)
 .debug_aranges
                0x00000248       0x20 ../finalproject_bsp/\libhal_bsp.a(alt_sys_init.o)
 .debug_aranges
                0x00000268       0x20 ../finalproject_bsp/\libhal_bsp.a(altera_avalon_cfi_flash.o)
 .debug_aranges
                0x00000288       0x20 ../finalproject_bsp/\libhal_bsp.a(altera_avalon_cfi_flash_table.o)
 .debug_aranges
                0x000002a8       0x20 ../finalproject_bsp/\libhal_bsp.a(altera_avalon_jtag_uart_fd.o)
 .debug_aranges
                0x000002c8       0x20 ../finalproject_bsp/\libhal_bsp.a(altera_avalon_jtag_uart_init.o)
 .debug_aranges
                0x000002e8       0x20 ../finalproject_bsp/\libhal_bsp.a(altera_avalon_jtag_uart_ioctl.o)
 .debug_aranges
                0x00000308       0x20 ../finalproject_bsp/\libhal_bsp.a(altera_avalon_jtag_uart_read.o)
 .debug_aranges
                0x00000328       0x20 ../finalproject_bsp/\libhal_bsp.a(altera_avalon_jtag_uart_write.o)
 .debug_aranges
                0x00000348       0x20 ../finalproject_bsp/\libhal_bsp.a(altera_avalon_lcd_16207.o)
 .debug_aranges
                0x00000368       0x20 ../finalproject_bsp/\libhal_bsp.a(altera_avalon_lcd_16207_fd.o)
 .debug_aranges
                0x00000388       0x20 ../finalproject_bsp/\libhal_bsp.a(altera_avalon_timer_sc.o)
 .debug_aranges
                0x000003a8       0x20 ../finalproject_bsp/\libhal_bsp.a(altera_avalon_uart_fd.o)
 .debug_aranges
                0x000003c8       0x20 ../finalproject_bsp/\libhal_bsp.a(altera_avalon_uart_init.o)
 .debug_aranges
                0x000003e8       0x20 ../finalproject_bsp/\libhal_bsp.a(altera_avalon_uart_read.o)
 .debug_aranges
                0x00000408       0x20 ../finalproject_bsp/\libhal_bsp.a(altera_avalon_uart_write.o)
 .debug_aranges
                0x00000428       0x20 ../finalproject_bsp/\libhal_bsp.a(alt_alarm_start.o)
 .debug_aranges
                0x00000448       0x20 ../finalproject_bsp/\libhal_bsp.a(alt_busy_sleep.o)
 .debug_aranges
                0x00000468       0x20 ../finalproject_bsp/\libhal_bsp.a(alt_close.o)
 .debug_aranges
                0x00000488       0x20 ../finalproject_bsp/\libhal_bsp.a(alt_dcache_flush.o)
 .debug_aranges
                0x000004a8       0x20 ../finalproject_bsp/\libhal_bsp.a(alt_dcache_flush_all.o)
 .debug_aranges
                0x000004c8       0x20 ../finalproject_bsp/\libhal_bsp.a(alt_dev.o)
 .debug_aranges
                0x000004e8       0x20 ../finalproject_bsp/\libhal_bsp.a(alt_dev_llist_insert.o)
 .debug_aranges
                0x00000508       0x20 ../finalproject_bsp/\libhal_bsp.a(alt_do_ctors.o)
 .debug_aranges
                0x00000528       0x20 ../finalproject_bsp/\libhal_bsp.a(alt_do_dtors.o)
 .debug_aranges
                0x00000548       0x20 ../finalproject_bsp/\libhal_bsp.a(alt_flash_dev.o)
 .debug_aranges
                0x00000568       0x20 ../finalproject_bsp/\libhal_bsp.a(alt_icache_flush_all.o)
 .debug_aranges
                0x00000588       0x20 ../finalproject_bsp/\libhal_bsp.a(alt_iic.o)
 .debug_aranges
                0x000005a8       0x20 ../finalproject_bsp/\libhal_bsp.a(alt_iic_isr_register.o)
 .debug_aranges
                0x000005c8       0x20 ../finalproject_bsp/\libhal_bsp.a(alt_io_redirect.o)
 .debug_aranges
                0x000005e8       0x30 ../finalproject_bsp/\libhal_bsp.a(alt_irq_entry.o)
 .debug_aranges
                0x00000618       0x28 ../finalproject_bsp/\libhal_bsp.a(alt_irq_handler.o)
 .debug_aranges
                0x00000640       0x20 ../finalproject_bsp/\libhal_bsp.a(alt_open.o)
 .debug_aranges
                0x00000660       0x20 ../finalproject_bsp/\libhal_bsp.a(alt_release_fd.o)
 .debug_aranges
                0x00000680       0x20 ../finalproject_bsp/\libhal_bsp.a(alt_tick.o)
 .debug_aranges
                0x000006a0       0x20 ../finalproject_bsp/\libhal_bsp.a(altera_nios2_irq.o)
 .debug_aranges
                0x000006c0       0x20 ../finalproject_bsp/\libhal_bsp.a(altera_avalon_cfi_flash_amd.o)
 .debug_aranges
                0x000006e0       0x20 ../finalproject_bsp/\libhal_bsp.a(altera_avalon_cfi_flash_intel.o)
 .debug_aranges
                0x00000700       0x38 ../finalproject_bsp/\libhal_bsp.a(alt_exception_entry.o)
 .debug_aranges
                0x00000738       0x20 ../finalproject_bsp/\libhal_bsp.a(alt_find_dev.o)
 .debug_aranges
                0x00000758       0x20 ../finalproject_bsp/\libhal_bsp.a(alt_find_file.o)
 .debug_aranges
                0x00000778       0x20 ../finalproject_bsp/\libhal_bsp.a(alt_get_fd.o)
 .debug_aranges
                0x00000798       0x20 ../finalproject_bsp/\libhal_bsp.a(alt_icache_flush.o)
 .debug_aranges
                0x000007b8       0x20 e:/quartus/nios2eds/bin/gnu/h-i686-mingw32/bin/../lib/gcc/nios2-elf/4.1.2/../../../../nios2-elf/lib\libc.a(lib_a-atexit.o)
 .debug_aranges
                0x000007d8       0x20 e:/quartus/nios2eds/bin/gnu/h-i686-mingw32/bin/../lib/gcc/nios2-elf/4.1.2/../../../../nios2-elf/lib\libc.a(lib_a-exit.o)
 .debug_aranges
                0x000007f8       0x20 e:/quartus/nios2eds/bin/gnu/h-i686-mingw32/bin/../lib/gcc/nios2-elf/4.1.2/../../../../nios2-elf/lib\libc.a(lib_a-memcmp.o)
 .debug_aranges
                0x00000818       0x20 e:/quartus/nios2eds/bin/gnu/h-i686-mingw32/bin/../lib/gcc/nios2-elf/4.1.2/../../../../nios2-elf/lib\libc.a(lib_a-__atexit.o)
 .debug_aranges
                0x00000838       0x20 e:/quartus/nios2eds/bin/gnu/h-i686-mingw32/bin/../lib/gcc/nios2-elf/4.1.2/../../../../nios2-elf/lib\libc.a(lib_a-__call_atexit.o)
 .debug_aranges
                0x00000858       0x20 ../finalproject_bsp/\libhal_bsp.a(alt_exit.o)

.debug_pubnames
                0x00000000     0x10f6
 *(.debug_pubnames)
 .debug_pubnames
                0x00000000       0x4d obj/default/LCD.o
 .debug_pubnames
                0x0000004d       0x1b obj/default/SD_wav_player.o
 .debug_pubnames
                0x00000068       0x20 obj/default/file_list.o
 .debug_pubnames
                0x00000088       0x23 obj/default/find_cluster.o
 .debug_pubnames
                0x000000ab       0x22 obj/default/read_lyrics.o
 .debug_pubnames
                0x000000cd      0x145 obj/default/sd_card.o
 .debug_pubnames
                0x00000212       0x20 obj/default/show_name.o
 .debug_pubnames
                0x00000232       0x1b obj/default/time.o
 .debug_pubnames
                0x0000024d       0x48 e:/quartus/nios2eds/bin/gnu/h-i686-mingw32/bin/../lib/gcc/nios2-elf/4.1.2\libgcc.a(lib2-divmod.o)
 .debug_pubnames
                0x00000295       0x1d e:/quartus/nios2eds/bin/gnu/h-i686-mingw32/bin/../lib/gcc/nios2-elf/4.1.2/../../../../nios2-elf/lib\libc.a(lib_a-memcpy.o)
 .debug_pubnames
                0x000002b2       0x1d e:/quartus/nios2eds/bin/gnu/h-i686-mingw32/bin/../lib/gcc/nios2-elf/4.1.2/../../../../nios2-elf/lib\libc.a(lib_a-memset.o)
 .debug_pubnames
                0x000002cf       0x1d e:/quartus/nios2eds/bin/gnu/h-i686-mingw32/bin/../lib/gcc/nios2-elf/4.1.2/../../../../nios2-elf/lib\libc.a(lib_a-strcmp.o)
 .debug_pubnames
                0x000002ec       0x1d e:/quartus/nios2eds/bin/gnu/h-i686-mingw32/bin/../lib/gcc/nios2-elf/4.1.2/../../../../nios2-elf/lib\libc.a(lib_a-strlen.o)
 .debug_pubnames
                0x00000309       0x1d e:/quartus/nios2eds/bin/gnu/h-i686-mingw32/bin/../lib/gcc/nios2-elf/4.1.2/../../../../nios2-elf/lib\libc.a(lib_a-strlwr.o)
 .debug_pubnames
                0x00000326       0x2e e:/quartus/nios2eds/bin/gnu/h-i686-mingw32/bin/../lib/gcc/nios2-elf/4.1.2/../../../../nios2-elf/lib\libc.a(lib_a-ctype_.o)
 .debug_pubnames
                0x00000354       0x1f ../finalproject_bsp/\libhal_bsp.a(alt_load.o)
 .debug_pubnames
                0x00000373       0x46 ../finalproject_bsp/\libhal_bsp.a(alt_main.o)
 .debug_pubnames
                0x000003b9       0x1d ../finalproject_bsp/\libhal_bsp.a(alt_usleep.o)
 .debug_pubnames
                0x000003d6       0x34 ../finalproject_bsp/\libhal_bsp.a(alt_sys_init.o)
 .debug_pubnames
                0x0000040a       0xac ../finalproject_bsp/\libhal_bsp.a(altera_avalon_cfi_flash.o)
 .debug_pubnames
                0x000004b6      0x27a ../finalproject_bsp/\libhal_bsp.a(altera_avalon_cfi_flash_table.o)
 .debug_pubnames
                0x00000730       0xa5 ../finalproject_bsp/\libhal_bsp.a(altera_avalon_jtag_uart_fd.o)
 .debug_pubnames
                0x000007d5       0x55 ../finalproject_bsp/\libhal_bsp.a(altera_avalon_jtag_uart_init.o)
 .debug_pubnames
                0x0000082a       0x34 ../finalproject_bsp/\libhal_bsp.a(altera_avalon_jtag_uart_ioctl.o)
 .debug_pubnames
                0x0000085e       0x33 ../finalproject_bsp/\libhal_bsp.a(altera_avalon_jtag_uart_read.o)
 .debug_pubnames
                0x00000891       0x34 ../finalproject_bsp/\libhal_bsp.a(altera_avalon_jtag_uart_write.o)
 .debug_pubnames
                0x000008c5       0x55 ../finalproject_bsp/\libhal_bsp.a(altera_avalon_lcd_16207.o)
 .debug_pubnames
                0x0000091a       0x37 ../finalproject_bsp/\libhal_bsp.a(altera_avalon_lcd_16207_fd.o)
 .debug_pubnames
                0x00000951       0x2f ../finalproject_bsp/\libhal_bsp.a(altera_avalon_timer_sc.o)
 .debug_pubnames
                0x00000980       0x71 ../finalproject_bsp/\libhal_bsp.a(altera_avalon_uart_fd.o)
 .debug_pubnames
                0x000009f1       0x4b ../finalproject_bsp/\libhal_bsp.a(altera_avalon_uart_init.o)
 .debug_pubnames
                0x00000a3c       0x2e ../finalproject_bsp/\libhal_bsp.a(altera_avalon_uart_read.o)
 .debug_pubnames
                0x00000a6a       0x2f ../finalproject_bsp/\libhal_bsp.a(altera_avalon_uart_write.o)
 .debug_pubnames
                0x00000a99       0x26 ../finalproject_bsp/\libhal_bsp.a(alt_alarm_start.o)
 .debug_pubnames
                0x00000abf       0x25 ../finalproject_bsp/\libhal_bsp.a(alt_busy_sleep.o)
 .debug_pubnames
                0x00000ae4       0x1c ../finalproject_bsp/\libhal_bsp.a(alt_close.o)
 .debug_pubnames
                0x00000b00       0x27 ../finalproject_bsp/\libhal_bsp.a(alt_dcache_flush.o)
 .debug_pubnames
                0x00000b27       0x2b ../finalproject_bsp/\libhal_bsp.a(alt_dcache_flush_all.o)
 .debug_pubnames
                0x00000b52       0x63 ../finalproject_bsp/\libhal_bsp.a(alt_dev.o)
 .debug_pubnames
                0x00000bb5       0x2b ../finalproject_bsp/\libhal_bsp.a(alt_dev_llist_insert.o)
 .debug_pubnames
                0x00000be0       0x20 ../finalproject_bsp/\libhal_bsp.a(alt_do_ctors.o)
 .debug_pubnames
                0x00000c00       0x20 ../finalproject_bsp/\libhal_bsp.a(alt_do_dtors.o)
 .debug_pubnames
                0x00000c20       0x20 ../finalproject_bsp/\libhal_bsp.a(alt_errno.o)
 .debug_pubnames
                0x00000c40       0x58 ../finalproject_bsp/\libhal_bsp.a(alt_flash_dev.o)
 .debug_pubnames
                0x00000c98       0x2b ../finalproject_bsp/\libhal_bsp.a(alt_icache_flush_all.o)
 .debug_pubnames
                0x00000cc3       0x6e ../finalproject_bsp/\libhal_bsp.a(alt_iic.o)
 .debug_pubnames
                0x00000d31       0x2b ../finalproject_bsp/\libhal_bsp.a(alt_iic_isr_register.o)
 .debug_pubnames
                0x00000d5c       0x26 ../finalproject_bsp/\libhal_bsp.a(alt_io_redirect.o)
 .debug_pubnames
                0x00000d82       0x32 ../finalproject_bsp/\libhal_bsp.a(alt_irq_handler.o)
 .debug_pubnames
                0x00000db4       0x3b ../finalproject_bsp/\libhal_bsp.a(alt_irq_vars.o)
 .debug_pubnames
                0x00000def       0x1b ../finalproject_bsp/\libhal_bsp.a(alt_open.o)
 .debug_pubnames
                0x00000e0a       0x25 ../finalproject_bsp/\libhal_bsp.a(alt_release_fd.o)
 .debug_pubnames
                0x00000e2f       0x68 ../finalproject_bsp/\libhal_bsp.a(alt_tick.o)
 .debug_pubnames
                0x00000e97       0x2c ../finalproject_bsp/\libhal_bsp.a(altera_nios2_irq.o)
 .debug_pubnames
                0x00000ec3       0x3e ../finalproject_bsp/\libhal_bsp.a(altera_avalon_cfi_flash_amd.o)
 .debug_pubnames
                0x00000f01       0x42 ../finalproject_bsp/\libhal_bsp.a(altera_avalon_cfi_flash_intel.o)
 .debug_pubnames
                0x00000f43       0x23 ../finalproject_bsp/\libhal_bsp.a(alt_find_dev.o)
 .debug_pubnames
                0x00000f66       0x24 ../finalproject_bsp/\libhal_bsp.a(alt_find_file.o)
 .debug_pubnames
                0x00000f8a       0x21 ../finalproject_bsp/\libhal_bsp.a(alt_get_fd.o)
 .debug_pubnames
                0x00000fab       0x27 ../finalproject_bsp/\libhal_bsp.a(alt_icache_flush.o)
 .debug_pubnames
                0x00000fd2       0x2a e:/quartus/nios2eds/bin/gnu/h-i686-mingw32/bin/../lib/gcc/nios2-elf/4.1.2/../../../../nios2-elf/lib\libc.a(lib_a-atexit.o)
 .debug_pubnames
                0x00000ffc       0x1b e:/quartus/nios2eds/bin/gnu/h-i686-mingw32/bin/../lib/gcc/nios2-elf/4.1.2/../../../../nios2-elf/lib\libc.a(lib_a-exit.o)
 .debug_pubnames
                0x00001017       0x39 e:/quartus/nios2eds/bin/gnu/h-i686-mingw32/bin/../lib/gcc/nios2-elf/4.1.2/../../../../nios2-elf/lib\libc.a(lib_a-impure.o)
 .debug_pubnames
                0x00001050       0x1c e:/quartus/nios2eds/bin/gnu/h-i686-mingw32/bin/../lib/gcc/nios2-elf/4.1.2/../../../../nios2-elf/lib\libc.a(lib_a-int_errno.o)
 .debug_pubnames
                0x0000106c       0x1d e:/quartus/nios2eds/bin/gnu/h-i686-mingw32/bin/../lib/gcc/nios2-elf/4.1.2/../../../../nios2-elf/lib\libc.a(lib_a-memcmp.o)
 .debug_pubnames
                0x00001089       0x2a e:/quartus/nios2eds/bin/gnu/h-i686-mingw32/bin/../lib/gcc/nios2-elf/4.1.2/../../../../nios2-elf/lib\libc.a(lib_a-__atexit.o)
 .debug_pubnames
                0x000010b3       0x27 e:/quartus/nios2eds/bin/gnu/h-i686-mingw32/bin/../lib/gcc/nios2-elf/4.1.2/../../../../nios2-elf/lib\libc.a(lib_a-__call_atexit.o)
 .debug_pubnames
                0x000010da       0x1c ../finalproject_bsp/\libhal_bsp.a(alt_exit.o)

.debug_info     0x00000000    0x11d9c
 *(.debug_info .gnu.linkonce.wi.*)
 .debug_info    0x00000000       0x60 ../finalproject_bsp//obj/HAL/src/crt0.o
 .debug_info    0x00000060      0x1c1 obj/default/LCD.o
 .debug_info    0x00000221      0x530 obj/default/SD_wav_player.o
 .debug_info    0x00000751      0x3a9 obj/default/file_list.o
 .debug_info    0x00000afa      0x1dd obj/default/find_cluster.o
 .debug_info    0x00000cd7      0x3a8 obj/default/read_lyrics.o
 .debug_info    0x0000107f      0x618 obj/default/sd_card.o
 .debug_info    0x00001697      0x176 obj/default/show_name.o
 .debug_info    0x0000180d      0x19c obj/default/time.o
 .debug_info    0x000019a9      0x21c e:/quartus/nios2eds/bin/gnu/h-i686-mingw32/bin/../lib/gcc/nios2-elf/4.1.2\libgcc.a(lib2-divmod.o)
 .debug_info    0x00001bc5      0x106 e:/quartus/nios2eds/bin/gnu/h-i686-mingw32/bin/../lib/gcc/nios2-elf/4.1.2/../../../../nios2-elf/lib\libc.a(lib_a-memcpy.o)
 .debug_info    0x00001ccb      0x113 e:/quartus/nios2eds/bin/gnu/h-i686-mingw32/bin/../lib/gcc/nios2-elf/4.1.2/../../../../nios2-elf/lib\libc.a(lib_a-memset.o)
 .debug_info    0x00001dde       0xdd e:/quartus/nios2eds/bin/gnu/h-i686-mingw32/bin/../lib/gcc/nios2-elf/4.1.2/../../../../nios2-elf/lib\libc.a(lib_a-strcmp.o)
 .debug_info    0x00001ebb       0xdb e:/quartus/nios2eds/bin/gnu/h-i686-mingw32/bin/../lib/gcc/nios2-elf/4.1.2/../../../../nios2-elf/lib\libc.a(lib_a-strlen.o)
 .debug_info    0x00001f96       0xe3 e:/quartus/nios2eds/bin/gnu/h-i686-mingw32/bin/../lib/gcc/nios2-elf/4.1.2/../../../../nios2-elf/lib\libc.a(lib_a-strlwr.o)
 .debug_info    0x00002079       0xa0 e:/quartus/nios2eds/bin/gnu/h-i686-mingw32/bin/../lib/gcc/nios2-elf/4.1.2/../../../../nios2-elf/lib\libc.a(lib_a-ctype_.o)
 .debug_info    0x00002119      0x272 ../finalproject_bsp/\libhal_bsp.a(alt_load.o)
 .debug_info    0x0000238b      0x20a ../finalproject_bsp/\libhal_bsp.a(alt_main.o)
 .debug_info    0x00002595      0x14d ../finalproject_bsp/\libhal_bsp.a(alt_usleep.o)
 .debug_info    0x000026e2      0xf95 ../finalproject_bsp/\libhal_bsp.a(alt_sys_init.o)
 .debug_info    0x00003677      0xb2e ../finalproject_bsp/\libhal_bsp.a(altera_avalon_cfi_flash.o)
 .debug_info    0x000041a5      0xe1a ../finalproject_bsp/\libhal_bsp.a(altera_avalon_cfi_flash_table.o)
 .debug_info    0x00004fbf      0x7be ../finalproject_bsp/\libhal_bsp.a(altera_avalon_jtag_uart_fd.o)
 .debug_info    0x0000577d      0x5e6 ../finalproject_bsp/\libhal_bsp.a(altera_avalon_jtag_uart_init.o)
 .debug_info    0x00005d63      0x428 ../finalproject_bsp/\libhal_bsp.a(altera_avalon_jtag_uart_ioctl.o)
 .debug_info    0x0000618b      0x52b ../finalproject_bsp/\libhal_bsp.a(altera_avalon_jtag_uart_read.o)
 .debug_info    0x000066b6      0x523 ../finalproject_bsp/\libhal_bsp.a(altera_avalon_jtag_uart_write.o)
 .debug_info    0x00006bd9      0x8d3 ../finalproject_bsp/\libhal_bsp.a(altera_avalon_lcd_16207.o)
 .debug_info    0x000074ac      0x6f7 ../finalproject_bsp/\libhal_bsp.a(altera_avalon_lcd_16207_fd.o)
 .debug_info    0x00007ba3      0x370 ../finalproject_bsp/\libhal_bsp.a(altera_avalon_timer_sc.o)
 .debug_info    0x00007f13      0x621 ../finalproject_bsp/\libhal_bsp.a(altera_avalon_uart_fd.o)
 .debug_info    0x00008534      0x4f3 ../finalproject_bsp/\libhal_bsp.a(altera_avalon_uart_init.o)
 .debug_info    0x00008a27      0x4a7 ../finalproject_bsp/\libhal_bsp.a(altera_avalon_uart_read.o)
 .debug_info    0x00008ece      0x4a5 ../finalproject_bsp/\libhal_bsp.a(altera_avalon_uart_write.o)
 .debug_info    0x00009373      0x427 ../finalproject_bsp/\libhal_bsp.a(alt_alarm_start.o)
 .debug_info    0x0000979a      0x190 ../finalproject_bsp/\libhal_bsp.a(alt_busy_sleep.o)
 .debug_info    0x0000992a      0x44c ../finalproject_bsp/\libhal_bsp.a(alt_close.o)
 .debug_info    0x00009d76      0x189 ../finalproject_bsp/\libhal_bsp.a(alt_dcache_flush.o)
 .debug_info    0x00009eff      0x154 ../finalproject_bsp/\libhal_bsp.a(alt_dcache_flush_all.o)
 .debug_info    0x0000a053      0x664 ../finalproject_bsp/\libhal_bsp.a(alt_dev.o)
 .debug_info    0x0000a6b7      0x29c ../finalproject_bsp/\libhal_bsp.a(alt_dev_llist_insert.o)
 .debug_info    0x0000a953       0xf4 ../finalproject_bsp/\libhal_bsp.a(alt_do_ctors.o)
 .debug_info    0x0000aa47       0xf3 ../finalproject_bsp/\libhal_bsp.a(alt_do_dtors.o)
 .debug_info    0x0000ab3a      0x149 ../finalproject_bsp/\libhal_bsp.a(alt_errno.o)
 .debug_info    0x0000ac83      0x57e ../finalproject_bsp/\libhal_bsp.a(alt_flash_dev.o)
 .debug_info    0x0000b201      0x141 ../finalproject_bsp/\libhal_bsp.a(alt_icache_flush_all.o)
 .debug_info    0x0000b342      0x478 ../finalproject_bsp/\libhal_bsp.a(alt_iic.o)
 .debug_info    0x0000b7ba      0x2f9 ../finalproject_bsp/\libhal_bsp.a(alt_iic_isr_register.o)
 .debug_info    0x0000bab3      0x67a ../finalproject_bsp/\libhal_bsp.a(alt_io_redirect.o)
 .debug_info    0x0000c12d       0x69 ../finalproject_bsp/\libhal_bsp.a(alt_irq_entry.o)
 .debug_info    0x0000c196      0x25a ../finalproject_bsp/\libhal_bsp.a(alt_irq_handler.o)
 .debug_info    0x0000c3f0      0x14c ../finalproject_bsp/\libhal_bsp.a(alt_irq_vars.o)
 .debug_info    0x0000c53c      0x50a ../finalproject_bsp/\libhal_bsp.a(alt_open.o)
 .debug_info    0x0000ca46      0x3d7 ../finalproject_bsp/\libhal_bsp.a(alt_release_fd.o)
 .debug_info    0x0000ce1d      0x3e3 ../finalproject_bsp/\libhal_bsp.a(alt_tick.o)
 .debug_info    0x0000d200      0x13e ../finalproject_bsp/\libhal_bsp.a(altera_nios2_irq.o)
 .debug_info    0x0000d33e      0x8ce ../finalproject_bsp/\libhal_bsp.a(altera_avalon_cfi_flash_amd.o)
 .debug_info    0x0000dc0c      0x8c4 ../finalproject_bsp/\libhal_bsp.a(altera_avalon_cfi_flash_intel.o)
 .debug_info    0x0000e4d0       0x6f ../finalproject_bsp/\libhal_bsp.a(alt_exception_entry.o)
 .debug_info    0x0000e53f      0x3fd ../finalproject_bsp/\libhal_bsp.a(alt_find_dev.o)
 .debug_info    0x0000e93c      0x404 ../finalproject_bsp/\libhal_bsp.a(alt_find_file.o)
 .debug_info    0x0000ed40      0x445 ../finalproject_bsp/\libhal_bsp.a(alt_get_fd.o)
 .debug_info    0x0000f185      0x189 ../finalproject_bsp/\libhal_bsp.a(alt_icache_flush.o)
 .debug_info    0x0000f30e      0x181 e:/quartus/nios2eds/bin/gnu/h-i686-mingw32/bin/../lib/gcc/nios2-elf/4.1.2/../../../../nios2-elf/lib\libc.a(lib_a-atexit.o)
 .debug_info    0x0000f48f      0x93f e:/quartus/nios2eds/bin/gnu/h-i686-mingw32/bin/../lib/gcc/nios2-elf/4.1.2/../../../../nios2-elf/lib\libc.a(lib_a-exit.o)
 .debug_info    0x0000fdce      0x93d e:/quartus/nios2eds/bin/gnu/h-i686-mingw32/bin/../lib/gcc/nios2-elf/4.1.2/../../../../nios2-elf/lib\libc.a(lib_a-impure.o)
 .debug_info    0x0001070b       0x8c e:/quartus/nios2eds/bin/gnu/h-i686-mingw32/bin/../lib/gcc/nios2-elf/4.1.2/../../../../nios2-elf/lib\libc.a(lib_a-int_errno.o)
 .debug_info    0x00010797      0x115 e:/quartus/nios2eds/bin/gnu/h-i686-mingw32/bin/../lib/gcc/nios2-elf/4.1.2/../../../../nios2-elf/lib\libc.a(lib_a-memcmp.o)
 .debug_info    0x000108ac      0x99c e:/quartus/nios2eds/bin/gnu/h-i686-mingw32/bin/../lib/gcc/nios2-elf/4.1.2/../../../../nios2-elf/lib\libc.a(lib_a-__atexit.o)
 .debug_info    0x00011248      0x9e2 e:/quartus/nios2eds/bin/gnu/h-i686-mingw32/bin/../lib/gcc/nios2-elf/4.1.2/../../../../nios2-elf/lib\libc.a(lib_a-__call_atexit.o)
 .debug_info    0x00011c2a      0x172 ../finalproject_bsp/\libhal_bsp.a(alt_exit.o)

.debug_abbrev   0x00000000     0x3d9c
 *(.debug_abbrev)
 .debug_abbrev  0x00000000       0x12 ../finalproject_bsp//obj/HAL/src/crt0.o
 .debug_abbrev  0x00000012       0xa0 obj/default/LCD.o
 .debug_abbrev  0x000000b2       0xaa obj/default/SD_wav_player.o
 .debug_abbrev  0x0000015c       0xa8 obj/default/file_list.o
 .debug_abbrev  0x00000204       0x78 obj/default/find_cluster.o
 .debug_abbrev  0x0000027c       0xb9 obj/default/read_lyrics.o
 .debug_abbrev  0x00000335      0x10f obj/default/sd_card.o
 .debug_abbrev  0x00000444       0x66 obj/default/show_name.o
 .debug_abbrev  0x000004aa       0x6f obj/default/time.o
 .debug_abbrev  0x00000519       0xe0 e:/quartus/nios2eds/bin/gnu/h-i686-mingw32/bin/../lib/gcc/nios2-elf/4.1.2\libgcc.a(lib2-divmod.o)
 .debug_abbrev  0x000005f9       0xb5 e:/quartus/nios2eds/bin/gnu/h-i686-mingw32/bin/../lib/gcc/nios2-elf/4.1.2/../../../../nios2-elf/lib\libc.a(lib_a-memcpy.o)
 .debug_abbrev  0x000006ae       0xb8 e:/quartus/nios2eds/bin/gnu/h-i686-mingw32/bin/../lib/gcc/nios2-elf/4.1.2/../../../../nios2-elf/lib\libc.a(lib_a-memset.o)
 .debug_abbrev  0x00000766       0x80 e:/quartus/nios2eds/bin/gnu/h-i686-mingw32/bin/../lib/gcc/nios2-elf/4.1.2/../../../../nios2-elf/lib\libc.a(lib_a-strcmp.o)
 .debug_abbrev  0x000007e6       0x8b e:/quartus/nios2eds/bin/gnu/h-i686-mingw32/bin/../lib/gcc/nios2-elf/4.1.2/../../../../nios2-elf/lib\libc.a(lib_a-strlen.o)
 .debug_abbrev  0x00000871       0x98 e:/quartus/nios2eds/bin/gnu/h-i686-mingw32/bin/../lib/gcc/nios2-elf/4.1.2/../../../../nios2-elf/lib\libc.a(lib_a-strlwr.o)
 .debug_abbrev  0x00000909       0x61 e:/quartus/nios2eds/bin/gnu/h-i686-mingw32/bin/../lib/gcc/nios2-elf/4.1.2/../../../../nios2-elf/lib\libc.a(lib_a-ctype_.o)
 .debug_abbrev  0x0000096a       0x88 ../finalproject_bsp/\libhal_bsp.a(alt_load.o)
 .debug_abbrev  0x000009f2       0xb7 ../finalproject_bsp/\libhal_bsp.a(alt_main.o)
 .debug_abbrev  0x00000aa9       0x5d ../finalproject_bsp/\libhal_bsp.a(alt_usleep.o)
 .debug_abbrev  0x00000b06      0x17d ../finalproject_bsp/\libhal_bsp.a(alt_sys_init.o)
 .debug_abbrev  0x00000c83      0x1bf ../finalproject_bsp/\libhal_bsp.a(altera_avalon_cfi_flash.o)
 .debug_abbrev  0x00000e42      0x185 ../finalproject_bsp/\libhal_bsp.a(altera_avalon_cfi_flash_table.o)
 .debug_abbrev  0x00000fc7       0xf7 ../finalproject_bsp/\libhal_bsp.a(altera_avalon_jtag_uart_fd.o)
 .debug_abbrev  0x000010be      0x17c ../finalproject_bsp/\libhal_bsp.a(altera_avalon_jtag_uart_init.o)
 .debug_abbrev  0x0000123a       0xf0 ../finalproject_bsp/\libhal_bsp.a(altera_avalon_jtag_uart_ioctl.o)
 .debug_abbrev  0x0000132a      0x191 ../finalproject_bsp/\libhal_bsp.a(altera_avalon_jtag_uart_read.o)
 .debug_abbrev  0x000014bb      0x18d ../finalproject_bsp/\libhal_bsp.a(altera_avalon_jtag_uart_write.o)
 .debug_abbrev  0x00001648      0x1c3 ../finalproject_bsp/\libhal_bsp.a(altera_avalon_lcd_16207.o)
 .debug_abbrev  0x0000180b      0x104 ../finalproject_bsp/\libhal_bsp.a(altera_avalon_lcd_16207_fd.o)
 .debug_abbrev  0x0000190f      0x137 ../finalproject_bsp/\libhal_bsp.a(altera_avalon_timer_sc.o)
 .debug_abbrev  0x00001a46       0xe8 ../finalproject_bsp/\libhal_bsp.a(altera_avalon_uart_fd.o)
 .debug_abbrev  0x00001b2e      0x148 ../finalproject_bsp/\libhal_bsp.a(altera_avalon_uart_init.o)
 .debug_abbrev  0x00001c76      0x174 ../finalproject_bsp/\libhal_bsp.a(altera_avalon_uart_read.o)
 .debug_abbrev  0x00001dea      0x17b ../finalproject_bsp/\libhal_bsp.a(altera_avalon_uart_write.o)
 .debug_abbrev  0x00001f65      0x172 ../finalproject_bsp/\libhal_bsp.a(alt_alarm_start.o)
 .debug_abbrev  0x000020d7       0x6c ../finalproject_bsp/\libhal_bsp.a(alt_busy_sleep.o)
 .debug_abbrev  0x00002143       0xfb ../finalproject_bsp/\libhal_bsp.a(alt_close.o)
 .debug_abbrev  0x0000223e       0x7a ../finalproject_bsp/\libhal_bsp.a(alt_dcache_flush.o)
 .debug_abbrev  0x000022b8       0x57 ../finalproject_bsp/\libhal_bsp.a(alt_dcache_flush_all.o)
 .debug_abbrev  0x0000230f       0xc7 ../finalproject_bsp/\libhal_bsp.a(alt_dev.o)
 .debug_abbrev  0x000023d6       0xf6 ../finalproject_bsp/\libhal_bsp.a(alt_dev_llist_insert.o)
 .debug_abbrev  0x000024cc       0x76 ../finalproject_bsp/\libhal_bsp.a(alt_do_ctors.o)
 .debug_abbrev  0x00002542       0x76 ../finalproject_bsp/\libhal_bsp.a(alt_do_dtors.o)
 .debug_abbrev  0x000025b8       0x5e ../finalproject_bsp/\libhal_bsp.a(alt_errno.o)
 .debug_abbrev  0x00002616      0x121 ../finalproject_bsp/\libhal_bsp.a(alt_flash_dev.o)
 .debug_abbrev  0x00002737       0x3f ../finalproject_bsp/\libhal_bsp.a(alt_icache_flush_all.o)
 .debug_abbrev  0x00002776      0x134 ../finalproject_bsp/\libhal_bsp.a(alt_iic.o)
 .debug_abbrev  0x000028aa      0x14e ../finalproject_bsp/\libhal_bsp.a(alt_iic_isr_register.o)
 .debug_abbrev  0x000029f8       0xf0 ../finalproject_bsp/\libhal_bsp.a(alt_io_redirect.o)
 .debug_abbrev  0x00002ae8       0x12 ../finalproject_bsp/\libhal_bsp.a(alt_irq_entry.o)
 .debug_abbrev  0x00002afa      0x10c ../finalproject_bsp/\libhal_bsp.a(alt_irq_handler.o)
 .debug_abbrev  0x00002c06       0x44 ../finalproject_bsp/\libhal_bsp.a(alt_irq_vars.o)
 .debug_abbrev  0x00002c4a      0x112 ../finalproject_bsp/\libhal_bsp.a(alt_open.o)
 .debug_abbrev  0x00002d5c       0xc1 ../finalproject_bsp/\libhal_bsp.a(alt_release_fd.o)
 .debug_abbrev  0x00002e1d      0x150 ../finalproject_bsp/\libhal_bsp.a(alt_tick.o)
 .debug_abbrev  0x00002f6d       0x3f ../finalproject_bsp/\libhal_bsp.a(altera_nios2_irq.o)
 .debug_abbrev  0x00002fac      0x14d ../finalproject_bsp/\libhal_bsp.a(altera_avalon_cfi_flash_amd.o)
 .debug_abbrev  0x000030f9      0x14d ../finalproject_bsp/\libhal_bsp.a(altera_avalon_cfi_flash_intel.o)
 .debug_abbrev  0x00003246       0x12 ../finalproject_bsp/\libhal_bsp.a(alt_exception_entry.o)
 .debug_abbrev  0x00003258       0xcf ../finalproject_bsp/\libhal_bsp.a(alt_find_dev.o)
 .debug_abbrev  0x00003327       0xcf ../finalproject_bsp/\libhal_bsp.a(alt_find_file.o)
 .debug_abbrev  0x000033f6       0xfb ../finalproject_bsp/\libhal_bsp.a(alt_get_fd.o)
 .debug_abbrev  0x000034f1       0x7a ../finalproject_bsp/\libhal_bsp.a(alt_icache_flush.o)
 .debug_abbrev  0x0000356b       0xb7 e:/quartus/nios2eds/bin/gnu/h-i686-mingw32/bin/../lib/gcc/nios2-elf/4.1.2/../../../../nios2-elf/lib\libc.a(lib_a-atexit.o)
 .debug_abbrev  0x00003622      0x16e e:/quartus/nios2eds/bin/gnu/h-i686-mingw32/bin/../lib/gcc/nios2-elf/4.1.2/../../../../nios2-elf/lib\libc.a(lib_a-exit.o)
 .debug_abbrev  0x00003790      0x157 e:/quartus/nios2eds/bin/gnu/h-i686-mingw32/bin/../lib/gcc/nios2-elf/4.1.2/../../../../nios2-elf/lib\libc.a(lib_a-impure.o)
 .debug_abbrev  0x000038e7       0x3b e:/quartus/nios2eds/bin/gnu/h-i686-mingw32/bin/../lib/gcc/nios2-elf/4.1.2/../../../../nios2-elf/lib\libc.a(lib_a-int_errno.o)
 .debug_abbrev  0x00003922       0x7c e:/quartus/nios2eds/bin/gnu/h-i686-mingw32/bin/../lib/gcc/nios2-elf/4.1.2/../../../../nios2-elf/lib\libc.a(lib_a-memcmp.o)
 .debug_abbrev  0x0000399e      0x1ae e:/quartus/nios2eds/bin/gnu/h-i686-mingw32/bin/../lib/gcc/nios2-elf/4.1.2/../../../../nios2-elf/lib\libc.a(lib_a-__atexit.o)
 .debug_abbrev  0x00003b4c      0x1de e:/quartus/nios2eds/bin/gnu/h-i686-mingw32/bin/../lib/gcc/nios2-elf/4.1.2/../../../../nios2-elf/lib\libc.a(lib_a-__call_atexit.o)
 .debug_abbrev  0x00003d2a       0x72 ../finalproject_bsp/\libhal_bsp.a(alt_exit.o)

.debug_line     0x00000000     0xcfd5
 *(.debug_line)
 .debug_line    0x00000000       0x72 ../finalproject_bsp//obj/HAL/src/crt0.o
 .debug_line    0x00000072      0x2e2 obj/default/LCD.o
 .debug_line    0x00000354      0x682 obj/default/SD_wav_player.o
 .debug_line    0x000009d6      0x82f obj/default/file_list.o
 .debug_line    0x00001205      0x2c3 obj/default/find_cluster.o
 .debug_line    0x000014c8      0x6ad obj/default/read_lyrics.o
 .debug_line    0x00001b75      0xb76 obj/default/sd_card.o
 .debug_line    0x000026eb      0x2ba obj/default/show_name.o
 .debug_line    0x000029a5      0x26b obj/default/time.o
 .debug_line    0x00002c10      0x24f e:/quartus/nios2eds/bin/gnu/h-i686-mingw32/bin/../lib/gcc/nios2-elf/4.1.2\libgcc.a(lib2-divmod.o)
 .debug_line    0x00002e5f      0x1ac e:/quartus/nios2eds/bin/gnu/h-i686-mingw32/bin/../lib/gcc/nios2-elf/4.1.2/../../../../nios2-elf/lib\libc.a(lib_a-memcpy.o)
 .debug_line    0x0000300b      0x301 e:/quartus/nios2eds/bin/gnu/h-i686-mingw32/bin/../lib/gcc/nios2-elf/4.1.2/../../../../nios2-elf/lib\libc.a(lib_a-memset.o)
 .debug_line    0x0000330c      0x2d5 e:/quartus/nios2eds/bin/gnu/h-i686-mingw32/bin/../lib/gcc/nios2-elf/4.1.2/../../../../nios2-elf/lib\libc.a(lib_a-strcmp.o)
 .debug_line    0x000035e1      0x26d e:/quartus/nios2eds/bin/gnu/h-i686-mingw32/bin/../lib/gcc/nios2-elf/4.1.2/../../../../nios2-elf/lib\libc.a(lib_a-strlen.o)
 .debug_line    0x0000384e      0x213 e:/quartus/nios2eds/bin/gnu/h-i686-mingw32/bin/../lib/gcc/nios2-elf/4.1.2/../../../../nios2-elf/lib\libc.a(lib_a-strlwr.o)
 .debug_line    0x00003a61       0x7e e:/quartus/nios2eds/bin/gnu/h-i686-mingw32/bin/../lib/gcc/nios2-elf/4.1.2/../../../../nios2-elf/lib\libc.a(lib_a-ctype_.o)
 .debug_line    0x00003adf      0x209 ../finalproject_bsp/\libhal_bsp.a(alt_load.o)
 .debug_line    0x00003ce8      0x2bc ../finalproject_bsp/\libhal_bsp.a(alt_main.o)
 .debug_line    0x00003fa4      0x1ed ../finalproject_bsp/\libhal_bsp.a(alt_usleep.o)
 .debug_line    0x00004191      0x393 ../finalproject_bsp/\libhal_bsp.a(alt_sys_init.o)
 .debug_line    0x00004524      0x565 ../finalproject_bsp/\libhal_bsp.a(altera_avalon_cfi_flash.o)
 .debug_line    0x00004a89      0x96b ../finalproject_bsp/\libhal_bsp.a(altera_avalon_cfi_flash_table.o)
 .debug_line    0x000053f4      0x210 ../finalproject_bsp/\libhal_bsp.a(altera_avalon_jtag_uart_fd.o)
 .debug_line    0x00005604      0x49d ../finalproject_bsp/\libhal_bsp.a(altera_avalon_jtag_uart_init.o)
 .debug_line    0x00005aa1      0x309 ../finalproject_bsp/\libhal_bsp.a(altera_avalon_jtag_uart_ioctl.o)
 .debug_line    0x00005daa      0x3e9 ../finalproject_bsp/\libhal_bsp.a(altera_avalon_jtag_uart_read.o)
 .debug_line    0x00006193      0x3f7 ../finalproject_bsp/\libhal_bsp.a(altera_avalon_jtag_uart_write.o)
 .debug_line    0x0000658a      0x8b3 ../finalproject_bsp/\libhal_bsp.a(altera_avalon_lcd_16207.o)
 .debug_line    0x00006e3d      0x1b0 ../finalproject_bsp/\libhal_bsp.a(altera_avalon_lcd_16207_fd.o)
 .debug_line    0x00006fed      0x2a5 ../finalproject_bsp/\libhal_bsp.a(altera_avalon_timer_sc.o)
 .debug_line    0x00007292      0x1cb ../finalproject_bsp/\libhal_bsp.a(altera_avalon_uart_fd.o)
 .debug_line    0x0000745d      0x484 ../finalproject_bsp/\libhal_bsp.a(altera_avalon_uart_init.o)
 .debug_line    0x000078e1      0x3f6 ../finalproject_bsp/\libhal_bsp.a(altera_avalon_uart_read.o)
 .debug_line    0x00007cd7      0x3d7 ../finalproject_bsp/\libhal_bsp.a(altera_avalon_uart_write.o)
 .debug_line    0x000080ae      0x2ce ../finalproject_bsp/\libhal_bsp.a(alt_alarm_start.o)
 .debug_line    0x0000837c      0x247 ../finalproject_bsp/\libhal_bsp.a(alt_busy_sleep.o)
 .debug_line    0x000085c3      0x28b ../finalproject_bsp/\libhal_bsp.a(alt_close.o)
 .debug_line    0x0000884e      0x1d3 ../finalproject_bsp/\libhal_bsp.a(alt_dcache_flush.o)
 .debug_line    0x00008a21      0x1bf ../finalproject_bsp/\libhal_bsp.a(alt_dcache_flush_all.o)
 .debug_line    0x00008be0      0x246 ../finalproject_bsp/\libhal_bsp.a(alt_dev.o)
 .debug_line    0x00008e26      0x24c ../finalproject_bsp/\libhal_bsp.a(alt_dev_llist_insert.o)
 .debug_line    0x00009072       0x83 ../finalproject_bsp/\libhal_bsp.a(alt_do_ctors.o)
 .debug_line    0x000090f5       0x83 ../finalproject_bsp/\libhal_bsp.a(alt_do_dtors.o)
 .debug_line    0x00009178      0x19c ../finalproject_bsp/\libhal_bsp.a(alt_errno.o)
 .debug_line    0x00009314      0x25a ../finalproject_bsp/\libhal_bsp.a(alt_flash_dev.o)
 .debug_line    0x0000956e      0x1af ../finalproject_bsp/\libhal_bsp.a(alt_icache_flush_all.o)
 .debug_line    0x0000971d      0x2ba ../finalproject_bsp/\libhal_bsp.a(alt_iic.o)
 .debug_line    0x000099d7      0x23b ../finalproject_bsp/\libhal_bsp.a(alt_iic_isr_register.o)
 .debug_line    0x00009c12      0x2a6 ../finalproject_bsp/\libhal_bsp.a(alt_io_redirect.o)
 .debug_line    0x00009eb8       0x6b ../finalproject_bsp/\libhal_bsp.a(alt_irq_entry.o)
 .debug_line    0x00009f23      0x23a ../finalproject_bsp/\libhal_bsp.a(alt_irq_handler.o)
 .debug_line    0x0000a15d       0x72 ../finalproject_bsp/\libhal_bsp.a(alt_irq_vars.o)
 .debug_line    0x0000a1cf      0x2f1 ../finalproject_bsp/\libhal_bsp.a(alt_open.o)
 .debug_line    0x0000a4c0       0xed ../finalproject_bsp/\libhal_bsp.a(alt_release_fd.o)
 .debug_line    0x0000a5ad      0x2ce ../finalproject_bsp/\libhal_bsp.a(alt_tick.o)
 .debug_line    0x0000a87b      0x1bb ../finalproject_bsp/\libhal_bsp.a(altera_nios2_irq.o)
 .debug_line    0x0000aa36      0x437 ../finalproject_bsp/\libhal_bsp.a(altera_avalon_cfi_flash_amd.o)
 .debug_line    0x0000ae6d      0x429 ../finalproject_bsp/\libhal_bsp.a(altera_avalon_cfi_flash_intel.o)
 .debug_line    0x0000b296       0xab ../finalproject_bsp/\libhal_bsp.a(alt_exception_entry.o)
 .debug_line    0x0000b341      0x25d ../finalproject_bsp/\libhal_bsp.a(alt_find_dev.o)
 .debug_line    0x0000b59e      0x26e ../finalproject_bsp/\libhal_bsp.a(alt_find_file.o)
 .debug_line    0x0000b80c      0x289 ../finalproject_bsp/\libhal_bsp.a(alt_get_fd.o)
 .debug_line    0x0000ba95      0x1eb ../finalproject_bsp/\libhal_bsp.a(alt_icache_flush.o)
 .debug_line    0x0000bc80      0x200 e:/quartus/nios2eds/bin/gnu/h-i686-mingw32/bin/../lib/gcc/nios2-elf/4.1.2/../../../../nios2-elf/lib\libc.a(lib_a-atexit.o)
 .debug_line    0x0000be80      0x238 e:/quartus/nios2eds/bin/gnu/h-i686-mingw32/bin/../lib/gcc/nios2-elf/4.1.2/../../../../nios2-elf/lib\libc.a(lib_a-exit.o)
 .debug_line    0x0000c0b8      0x22d e:/quartus/nios2eds/bin/gnu/h-i686-mingw32/bin/../lib/gcc/nios2-elf/4.1.2/../../../../nios2-elf/lib\libc.a(lib_a-impure.o)
 .debug_line    0x0000c2e5      0x1df e:/quartus/nios2eds/bin/gnu/h-i686-mingw32/bin/../lib/gcc/nios2-elf/4.1.2/../../../../nios2-elf/lib\libc.a(lib_a-int_errno.o)
 .debug_line    0x0000c4c4      0x29f e:/quartus/nios2eds/bin/gnu/h-i686-mingw32/bin/../lib/gcc/nios2-elf/4.1.2/../../../../nios2-elf/lib\libc.a(lib_a-memcmp.o)
 .debug_line    0x0000c763      0x313 e:/quartus/nios2eds/bin/gnu/h-i686-mingw32/bin/../lib/gcc/nios2-elf/4.1.2/../../../../nios2-elf/lib\libc.a(lib_a-__atexit.o)
 .debug_line    0x0000ca76      0x367 e:/quartus/nios2eds/bin/gnu/h-i686-mingw32/bin/../lib/gcc/nios2-elf/4.1.2/../../../../nios2-elf/lib\libc.a(lib_a-__call_atexit.o)
 .debug_line    0x0000cddd      0x1f8 ../finalproject_bsp/\libhal_bsp.a(alt_exit.o)

.debug_frame    0x00000000     0x135c
 *(.debug_frame)
 .debug_frame   0x00000000       0x84 obj/default/LCD.o
 .debug_frame   0x00000084       0x30 obj/default/SD_wav_player.o
 .debug_frame   0x000000b4       0x30 obj/default/file_list.o
 .debug_frame   0x000000e4       0x30 obj/default/find_cluster.o
 .debug_frame   0x00000114       0x30 obj/default/read_lyrics.o
 .debug_frame   0x00000144       0xf0 obj/default/sd_card.o
 .debug_frame   0x00000234       0x2c obj/default/show_name.o
 .debug_frame   0x00000260       0x2c obj/default/time.o
 .debug_frame   0x0000028c       0x70 e:/quartus/nios2eds/bin/gnu/h-i686-mingw32/bin/../lib/gcc/nios2-elf/4.1.2\libgcc.a(lib2-divmod.o)
 .debug_frame   0x000002fc       0x20 e:/quartus/nios2eds/bin/gnu/h-i686-mingw32/bin/../lib/gcc/nios2-elf/4.1.2/../../../../nios2-elf/lib\libc.a(lib_a-memcpy.o)
 .debug_frame   0x0000031c       0x20 e:/quartus/nios2eds/bin/gnu/h-i686-mingw32/bin/../lib/gcc/nios2-elf/4.1.2/../../../../nios2-elf/lib\libc.a(lib_a-memset.o)
 .debug_frame   0x0000033c       0x20 e:/quartus/nios2eds/bin/gnu/h-i686-mingw32/bin/../lib/gcc/nios2-elf/4.1.2/../../../../nios2-elf/lib\libc.a(lib_a-strcmp.o)
 .debug_frame   0x0000035c       0x20 e:/quartus/nios2eds/bin/gnu/h-i686-mingw32/bin/../lib/gcc/nios2-elf/4.1.2/../../../../nios2-elf/lib\libc.a(lib_a-strlen.o)
 .debug_frame   0x0000037c       0x20 e:/quartus/nios2eds/bin/gnu/h-i686-mingw32/bin/../lib/gcc/nios2-elf/4.1.2/../../../../nios2-elf/lib\libc.a(lib_a-strlwr.o)
 .debug_frame   0x0000039c       0x48 ../finalproject_bsp/\libhal_bsp.a(alt_load.o)
 .debug_frame   0x000003e4       0x2c ../finalproject_bsp/\libhal_bsp.a(alt_main.o)
 .debug_frame   0x00000410       0x2c ../finalproject_bsp/\libhal_bsp.a(alt_usleep.o)
 .debug_frame   0x0000043c       0x64 ../finalproject_bsp/\libhal_bsp.a(alt_sys_init.o)
 .debug_frame   0x000004a0       0xd4 ../finalproject_bsp/\libhal_bsp.a(altera_avalon_cfi_flash.o)
 .debug_frame   0x00000574      0x210 ../finalproject_bsp/\libhal_bsp.a(altera_avalon_cfi_flash_table.o)
 .debug_frame   0x00000784       0x80 ../finalproject_bsp/\libhal_bsp.a(altera_avalon_jtag_uart_fd.o)
 .debug_frame   0x00000804       0x80 ../finalproject_bsp/\libhal_bsp.a(altera_avalon_jtag_uart_init.o)
 .debug_frame   0x00000884       0x2c ../finalproject_bsp/\libhal_bsp.a(altera_avalon_jtag_uart_ioctl.o)
 .debug_frame   0x000008b0       0x2c ../finalproject_bsp/\libhal_bsp.a(altera_avalon_jtag_uart_read.o)
 .debug_frame   0x000008dc       0x2c ../finalproject_bsp/\libhal_bsp.a(altera_avalon_jtag_uart_write.o)
 .debug_frame   0x00000908      0x114 ../finalproject_bsp/\libhal_bsp.a(altera_avalon_lcd_16207.o)
 .debug_frame   0x00000a1c       0x2c ../finalproject_bsp/\libhal_bsp.a(altera_avalon_lcd_16207_fd.o)
 .debug_frame   0x00000a48       0x48 ../finalproject_bsp/\libhal_bsp.a(altera_avalon_timer_sc.o)
 .debug_frame   0x00000a90       0x64 ../finalproject_bsp/\libhal_bsp.a(altera_avalon_uart_fd.o)
 .debug_frame   0x00000af4       0x9c ../finalproject_bsp/\libhal_bsp.a(altera_avalon_uart_init.o)
 .debug_frame   0x00000b90       0x48 ../finalproject_bsp/\libhal_bsp.a(altera_avalon_uart_read.o)
 .debug_frame   0x00000bd8       0x48 ../finalproject_bsp/\libhal_bsp.a(altera_avalon_uart_write.o)
 .debug_frame   0x00000c20       0x2c ../finalproject_bsp/\libhal_bsp.a(alt_alarm_start.o)
 .debug_frame   0x00000c4c       0x2c ../finalproject_bsp/\libhal_bsp.a(alt_busy_sleep.o)
 .debug_frame   0x00000c78       0x48 ../finalproject_bsp/\libhal_bsp.a(alt_close.o)
 .debug_frame   0x00000cc0       0x2c ../finalproject_bsp/\libhal_bsp.a(alt_dcache_flush.o)
 .debug_frame   0x00000cec       0x2c ../finalproject_bsp/\libhal_bsp.a(alt_dcache_flush_all.o)
 .debug_frame   0x00000d18       0x2c ../finalproject_bsp/\libhal_bsp.a(alt_dev.o)
 .debug_frame   0x00000d44       0x48 ../finalproject_bsp/\libhal_bsp.a(alt_dev_llist_insert.o)
 .debug_frame   0x00000d8c       0x2c ../finalproject_bsp/\libhal_bsp.a(alt_do_ctors.o)
 .debug_frame   0x00000db8       0x2c ../finalproject_bsp/\libhal_bsp.a(alt_do_dtors.o)
 .debug_frame   0x00000de4       0x48 ../finalproject_bsp/\libhal_bsp.a(alt_flash_dev.o)
 .debug_frame   0x00000e2c       0x2c ../finalproject_bsp/\libhal_bsp.a(alt_icache_flush_all.o)
 .debug_frame   0x00000e58       0x80 ../finalproject_bsp/\libhal_bsp.a(alt_iic.o)
 .debug_frame   0x00000ed8       0x2c ../finalproject_bsp/\libhal_bsp.a(alt_iic_isr_register.o)
 .debug_frame   0x00000f04       0x48 ../finalproject_bsp/\libhal_bsp.a(alt_io_redirect.o)
 .debug_frame   0x00000f4c       0x2c ../finalproject_bsp/\libhal_bsp.a(alt_irq_handler.o)
 .debug_frame   0x00000f78       0x64 ../finalproject_bsp/\libhal_bsp.a(alt_open.o)
 .debug_frame   0x00000fdc       0x2c ../finalproject_bsp/\libhal_bsp.a(alt_release_fd.o)
 .debug_frame   0x00001008       0x48 ../finalproject_bsp/\libhal_bsp.a(alt_tick.o)
 .debug_frame   0x00001050       0x2c ../finalproject_bsp/\libhal_bsp.a(altera_nios2_irq.o)
 .debug_frame   0x0000107c       0x80 ../finalproject_bsp/\libhal_bsp.a(altera_avalon_cfi_flash_amd.o)
 .debug_frame   0x000010fc       0x80 ../finalproject_bsp/\libhal_bsp.a(altera_avalon_cfi_flash_intel.o)
 .debug_frame   0x0000117c       0x2c ../finalproject_bsp/\libhal_bsp.a(alt_find_dev.o)
 .debug_frame   0x000011a8       0x2c ../finalproject_bsp/\libhal_bsp.a(alt_find_file.o)
 .debug_frame   0x000011d4       0x2c ../finalproject_bsp/\libhal_bsp.a(alt_get_fd.o)
 .debug_frame   0x00001200       0x2c ../finalproject_bsp/\libhal_bsp.a(alt_icache_flush.o)
 .debug_frame   0x0000122c       0x20 e:/quartus/nios2eds/bin/gnu/h-i686-mingw32/bin/../lib/gcc/nios2-elf/4.1.2/../../../../nios2-elf/lib\libc.a(lib_a-atexit.o)
 .debug_frame   0x0000124c       0x28 e:/quartus/nios2eds/bin/gnu/h-i686-mingw32/bin/../lib/gcc/nios2-elf/4.1.2/../../../../nios2-elf/lib\libc.a(lib_a-exit.o)
 .debug_frame   0x00001274       0x20 e:/quartus/nios2eds/bin/gnu/h-i686-mingw32/bin/../lib/gcc/nios2-elf/4.1.2/../../../../nios2-elf/lib\libc.a(lib_a-memcmp.o)